Archive member included to satisfy reference by file (symbol)

/usr/lib/gcc/arm-none-eabi/9.1.0/../../../../arm-none-eabi/lib/thumb/v7e-m+dp/hard/libc_nano.a(lib_a-atexit.o)
                              /usr/lib/gcc/arm-none-eabi/9.1.0/../../../../arm-none-eabi/lib/thumb/v7e-m+dp/hard/crt0.o (atexit)
/usr/lib/gcc/arm-none-eabi/9.1.0/../../../../arm-none-eabi/lib/thumb/v7e-m+dp/hard/libc_nano.a(lib_a-exit.o)
                              /usr/lib/gcc/arm-none-eabi/9.1.0/../../../../arm-none-eabi/lib/thumb/v7e-m+dp/hard/crt0.o (exit)
/usr/lib/gcc/arm-none-eabi/9.1.0/../../../../arm-none-eabi/lib/thumb/v7e-m+dp/hard/libc_nano.a(lib_a-fini.o)
                              /usr/lib/gcc/arm-none-eabi/9.1.0/../../../../arm-none-eabi/lib/thumb/v7e-m+dp/hard/crt0.o (__libc_fini_array)
/usr/lib/gcc/arm-none-eabi/9.1.0/../../../../arm-none-eabi/lib/thumb/v7e-m+dp/hard/libc_nano.a(lib_a-impure.o)
                              /usr/lib/gcc/arm-none-eabi/9.1.0/../../../../arm-none-eabi/lib/thumb/v7e-m+dp/hard/libc_nano.a(lib_a-exit.o) (_global_impure_ptr)
/usr/lib/gcc/arm-none-eabi/9.1.0/../../../../arm-none-eabi/lib/thumb/v7e-m+dp/hard/libc_nano.a(lib_a-init.o)
                              /usr/lib/gcc/arm-none-eabi/9.1.0/../../../../arm-none-eabi/lib/thumb/v7e-m+dp/hard/crt0.o (__libc_init_array)
/usr/lib/gcc/arm-none-eabi/9.1.0/../../../../arm-none-eabi/lib/thumb/v7e-m+dp/hard/libc_nano.a(lib_a-memcpy-stub.o)
                              build/queue.o (memcpy)
/usr/lib/gcc/arm-none-eabi/9.1.0/../../../../arm-none-eabi/lib/thumb/v7e-m+dp/hard/libc_nano.a(lib_a-memset.o)
                              /usr/lib/gcc/arm-none-eabi/9.1.0/../../../../arm-none-eabi/lib/thumb/v7e-m+dp/hard/crt0.o (memset)
/usr/lib/gcc/arm-none-eabi/9.1.0/../../../../arm-none-eabi/lib/thumb/v7e-m+dp/hard/libc_nano.a(lib_a-__atexit.o)
                              /usr/lib/gcc/arm-none-eabi/9.1.0/../../../../arm-none-eabi/lib/thumb/v7e-m+dp/hard/libc_nano.a(lib_a-atexit.o) (__register_exitproc)
/usr/lib/gcc/arm-none-eabi/9.1.0/../../../../arm-none-eabi/lib/thumb/v7e-m+dp/hard/libc_nano.a(lib_a-__call_atexit.o)
                              /usr/lib/gcc/arm-none-eabi/9.1.0/../../../../arm-none-eabi/lib/thumb/v7e-m+dp/hard/libc_nano.a(lib_a-__atexit.o) (__call_exitprocs)
/usr/lib/gcc/arm-none-eabi/9.1.0/../../../../arm-none-eabi/lib/thumb/v7e-m+dp/hard/libnosys.a(_exit.o)
                              /usr/lib/gcc/arm-none-eabi/9.1.0/../../../../arm-none-eabi/lib/thumb/v7e-m+dp/hard/libc_nano.a(lib_a-exit.o) (_exit)
/usr/lib/gcc/arm-none-eabi/9.1.0/thumb/v7e-m+dp/hard/libgcc.a(_aeabi_uldivmod.o)
                              build/stm32h7xx_hal_uart.o (__aeabi_uldivmod)
/usr/lib/gcc/arm-none-eabi/9.1.0/thumb/v7e-m+dp/hard/libgcc.a(_udivmoddi4.o)
                              /usr/lib/gcc/arm-none-eabi/9.1.0/thumb/v7e-m+dp/hard/libgcc.a(_aeabi_uldivmod.o) (__udivmoddi4)
/usr/lib/gcc/arm-none-eabi/9.1.0/thumb/v7e-m+dp/hard/libgcc.a(_dvmd_tls.o)
                              /usr/lib/gcc/arm-none-eabi/9.1.0/thumb/v7e-m+dp/hard/libgcc.a(_aeabi_uldivmod.o) (__aeabi_ldiv0)

Allocating common symbols
Common symbol       size              file

defaultTaskHandle   0x4               build/main.o
huart3              0x8c              build/main.o
hpcd_USB_OTG_FS     0x408             build/main.o
uwTick              0x4               build/stm32h7xx_hal.o
xQueueRegistry      0x40              build/queue.o
pFlash              0x1c              build/stm32h7xx_hal_flash.o
htim1               0x40              build/stm32h7xx_hal_timebase_tim.o
heth                0x70              build/main.o
TxConfig            0x34              build/main.o

Discarded input sections

 .text          0x0000000000000000        0x0 /usr/lib/gcc/arm-none-eabi/9.1.0/thumb/v7e-m+dp/hard/crti.o
 .data          0x0000000000000000        0x0 /usr/lib/gcc/arm-none-eabi/9.1.0/thumb/v7e-m+dp/hard/crti.o
 .bss           0x0000000000000000        0x0 /usr/lib/gcc/arm-none-eabi/9.1.0/thumb/v7e-m+dp/hard/crti.o
 .text          0x0000000000000000        0x0 /usr/lib/gcc/arm-none-eabi/9.1.0/thumb/v7e-m+dp/hard/crtbegin.o
 .data          0x0000000000000000        0x0 /usr/lib/gcc/arm-none-eabi/9.1.0/thumb/v7e-m+dp/hard/crtbegin.o
 .bss           0x0000000000000000        0x0 /usr/lib/gcc/arm-none-eabi/9.1.0/thumb/v7e-m+dp/hard/crtbegin.o
 .data.__dso_handle
                0x0000000000000000        0x4 /usr/lib/gcc/arm-none-eabi/9.1.0/thumb/v7e-m+dp/hard/crtbegin.o
 .text          0x0000000000000000       0x68 /usr/lib/gcc/arm-none-eabi/9.1.0/../../../../arm-none-eabi/lib/thumb/v7e-m+dp/hard/crt0.o
 .data          0x0000000000000000        0x0 /usr/lib/gcc/arm-none-eabi/9.1.0/../../../../arm-none-eabi/lib/thumb/v7e-m+dp/hard/crt0.o
 .bss           0x0000000000000000        0x0 /usr/lib/gcc/arm-none-eabi/9.1.0/../../../../arm-none-eabi/lib/thumb/v7e-m+dp/hard/crt0.o
[...]
Memory Configuration

Name             Origin             Length             Attributes
DTCMRAM          0x0000000020000000 0x0000000000020000 xrw
RAM_D1           0x0000000024000000 0x0000000000080000 xrw
RAM_D2           0x0000000030000000 0x0000000000048000 xrw
RAM_D3           0x0000000038000000 0x0000000000010000 xrw
ITCMRAM          0x0000000000000000 0x0000000000010000 xrw
FLASH            0x0000000008000000 0x0000000000200000 xr
*default*        0x0000000000000000 0xffffffffffffffff

Linker script and memory map

LOAD /usr/lib/gcc/arm-none-eabi/9.1.0/thumb/v7e-m+dp/hard/crti.o
LOAD /usr/lib/gcc/arm-none-eabi/9.1.0/thumb/v7e-m+dp/hard/crtbegin.o
LOAD /usr/lib/gcc/arm-none-eabi/9.1.0/../../../../arm-none-eabi/lib/thumb/v7e-m+dp/hard/crt0.o
LOAD build/main.o
LOAD build/freertos.o
LOAD build/stm32h7xx_it.o
LOAD build/stm32h7xx_hal_msp.o
LOAD build/stm32h7xx_hal_timebase_tim.o
LOAD build/stm32h7xx_nucleo_144.o
LOAD build/stm32h7xx_hal_cortex.o
LOAD build/stm32h7xx_hal_eth.o
LOAD build/stm32h7xx_hal_eth_ex.o
LOAD build/stm32h7xx_hal_tim.o
LOAD build/stm32h7xx_hal_tim_ex.o
LOAD build/stm32h7xx_hal_uart.o
LOAD build/stm32h7xx_hal_uart_ex.o
LOAD build/stm32h7xx_hal_pcd.o
LOAD build/stm32h7xx_hal_pcd_ex.o
LOAD build/stm32h7xx_ll_usb.o
LOAD build/stm32h7xx_hal_rcc.o
LOAD build/stm32h7xx_hal_rcc_ex.o
LOAD build/stm32h7xx_hal_flash.o
LOAD build/stm32h7xx_hal_flash_ex.o
LOAD build/stm32h7xx_hal_gpio.o
LOAD build/stm32h7xx_hal_hsem.o
LOAD build/stm32h7xx_hal_dma.o
LOAD build/stm32h7xx_hal_dma_ex.o
LOAD build/stm32h7xx_hal_mdma.o
LOAD build/stm32h7xx_hal_pwr.o
LOAD build/stm32h7xx_hal_pwr_ex.o
LOAD build/stm32h7xx_hal.o
LOAD build/stm32h7xx_hal_i2c.o
LOAD build/stm32h7xx_hal_i2c_ex.o
LOAD build/stm32h7xx_hal_exti.o
LOAD build/system_stm32h7xx.o
LOAD build/croutine.o
LOAD build/event_groups.o
LOAD build/list.o
LOAD build/queue.o
LOAD build/stream_buffer.o
LOAD build/tasks.o
LOAD build/timers.o
LOAD build/cmsis_os2.o
LOAD build/heap_4.o
LOAD build/port.o
LOAD build/startup_stm32h743xx.o
LOAD /usr/lib/gcc/arm-none-eabi/9.1.0/../../../../arm-none-eabi/lib/thumb/v7e-m+dp/hard/libc_nano.a
LOAD /usr/lib/gcc/arm-none-eabi/9.1.0/../../../../arm-none-eabi/lib/thumb/v7e-m+dp/hard/libm.a
LOAD /usr/lib/gcc/arm-none-eabi/9.1.0/../../../../arm-none-eabi/lib/thumb/v7e-m+dp/hard/libnosys.a
START GROUP
LOAD /usr/lib/gcc/arm-none-eabi/9.1.0/thumb/v7e-m+dp/hard/libgcc.a
LOAD /usr/lib/gcc/arm-none-eabi/9.1.0/../../../../arm-none-eabi/lib/thumb/v7e-m+dp/hard/libc_nano.a
END GROUP
START GROUP
LOAD /usr/lib/gcc/arm-none-eabi/9.1.0/thumb/v7e-m+dp/hard/libgcc.a
LOAD /usr/lib/gcc/arm-none-eabi/9.1.0/../../../../arm-none-eabi/lib/thumb/v7e-m+dp/hard/libc_nano.a
END GROUP
LOAD /usr/lib/gcc/arm-none-eabi/9.1.0/thumb/v7e-m+dp/hard/crtend.o
LOAD /usr/lib/gcc/arm-none-eabi/9.1.0/thumb/v7e-m+dp/hard/crtn.o
                0x0000000020020000                _estack = 0x20020000
                0x0000000000000200                _Min_Heap_Size = 0x200
                0x0000000000000400                _Min_Stack_Size = 0x400

.isr_vector     0x0000000008000000      0x298
                0x0000000008000000                . = ALIGN (0x4)
 *(.isr_vector)
 .isr_vector    0x0000000008000000      0x298 build/startup_stm32h743xx.o
                0x0000000008000000                g_pfnVectors
                0x0000000008000298                . = ALIGN (0x4)

.text           0x00000000080002a0     0x6d90
                0x00000000080002a0                . = ALIGN (0x4)
 *(.text)
 .text          0x00000000080002a0       0x30 /usr/lib/gcc/arm-none-eabi/9.1.0/thumb/v7e-m+dp/hard/libgcc.a(_aeabi_uldivmod.o)
                0x00000000080002a0                __aeabi_uldivmod
 .text          0x00000000080002d0        0x4 /usr/lib/gcc/arm-none-eabi/9.1.0/thumb/v7e-m+dp/hard/libgcc.a(_dvmd_tls.o)
                0x00000000080002d0                __aeabi_ldiv0
                0x00000000080002d0                __aeabi_idiv0
 *(.text*)
 .text.__do_global_dtors_aux
                0x00000000080002d4       0x24 /usr/lib/gcc/arm-none-eabi/9.1.0/thumb/v7e-m+dp/hard/crtbegin.o
 .text.frame_dummy
                0x00000000080002f8       0x1c /usr/lib/gcc/arm-none-eabi/9.1.0/thumb/v7e-m+dp/hard/crtbegin.o
 .text.MX_GPIO_Init
                0x0000000008000314      0x168 build/main.o
 .text.MX_ETH_Init
                0x000000000800047c       0x74 build/main.o
 .text.MX_USART3_UART_Init
                0x00000000080004f0       0x4c build/main.o
 .text.MX_USB_OTG_FS_PCD_Init
                0x000000000800053c       0x34 build/main.o
 .text.StartDefaultTask
                0x0000000008000570       0x12 build/main.o
                0x0000000008000570                StartDefaultTask
 *fill*         0x0000000008000582        0x2 
 .text.SystemClock_Config
                0x0000000008000584       0xd8 build/main.o
                0x0000000008000584                SystemClock_Config
 .text.main     0x000000000800065c       0x5c build/main.o
                0x000000000800065c                main
 .text.HAL_TIM_PeriodElapsedCallback
                0x00000000080006b8       0x18 build/main.o
                0x00000000080006b8                HAL_TIM_PeriodElapsedCallback
 .text.NMI_Handler
                0x00000000080006d0        0x2 build/stm32h7xx_it.o
                0x00000000080006d0                NMI_Handler
 .text.HardFault_Handler
                0x00000000080006d2        0x2 build/stm32h7xx_it.o
                0x00000000080006d2                HardFault_Handler
 .text.MemManage_Handler
                0x00000000080006d4        0x2 build/stm32h7xx_it.o
                0x00000000080006d4                MemManage_Handler
 .text.BusFault_Handler
                0x00000000080006d6        0x2 build/stm32h7xx_it.o
                0x00000000080006d6                BusFault_Handler
 .text.UsageFault_Handler
                0x00000000080006d8        0x2 build/stm32h7xx_it.o
                0x00000000080006d8                UsageFault_Handler
 .text.DebugMon_Handler
                0x00000000080006da        0x2 build/stm32h7xx_it.o
                0x00000000080006da                DebugMon_Handler
 .text.TIM1_UP_IRQHandler
                0x00000000080006dc       0x10 build/stm32h7xx_it.o
                0x00000000080006dc                TIM1_UP_IRQHandler
 .text.HAL_MspInit
                0x00000000080006ec       0x34 build/stm32h7xx_hal_msp.o
                0x00000000080006ec                HAL_MspInit
 .text.HAL_ETH_MspInit
                0x0000000008000720      0x138 build/stm32h7xx_hal_msp.o
                0x0000000008000720                HAL_ETH_MspInit
 .text.HAL_UART_MspInit
                0x0000000008000858       0x74 build/stm32h7xx_hal_msp.o
                0x0000000008000858                HAL_UART_MspInit
 .text.HAL_PCD_MspInit
                0x00000000080008cc       0x88 build/stm32h7xx_hal_msp.o
                0x00000000080008cc                HAL_PCD_MspInit
 .text.HAL_InitTick
                0x0000000008000954       0x80 build/stm32h7xx_hal_timebase_tim.o
                0x0000000008000954                HAL_InitTick
 .text.BSP_LED_Init
                0x00000000080009d4       0x7c build/stm32h7xx_nucleo_144.o
                0x00000000080009d4                BSP_LED_Init
 .text.BSP_LED_Toggle
                0x0000000008000a50       0x1c build/stm32h7xx_nucleo_144.o
                0x0000000008000a50                BSP_LED_Toggle
 .text.HAL_NVIC_SetPriorityGrouping
                0x0000000008000a6c       0x24 build/stm32h7xx_hal_cortex.o
                0x0000000008000a6c                HAL_NVIC_SetPriorityGrouping
 .text.HAL_NVIC_SetPriority
                0x0000000008000a90       0x64 build/stm32h7xx_hal_cortex.o
                0x0000000008000a90                HAL_NVIC_SetPriority
 .text.HAL_NVIC_EnableIRQ
                0x0000000008000af4       0x1c build/stm32h7xx_hal_cortex.o
                0x0000000008000af4                HAL_NVIC_EnableIRQ
 .text.ETH_SetMACConfig
                0x0000000008000b10      0x1b0 build/stm32h7xx_hal_eth.o
 .text.ETH_SetDMAConfig
                0x0000000008000cc0       0x98 build/stm32h7xx_hal_eth.o
 .text.ETH_MACDMAConfig
                0x0000000008000d58       0xdc build/stm32h7xx_hal_eth.o
 .text.ETH_DMATxDescListInit
                0x0000000008000e34       0x4e build/stm32h7xx_hal_eth.o
 .text.ETH_DMARxDescListInit
                0x0000000008000e82       0x62 build/stm32h7xx_hal_eth.o
 .text.ETH_MAC_MDIO_ClkConfig
                0x0000000008000ee4       0x78 build/stm32h7xx_hal_eth.o
 .text.HAL_ETH_Init
                0x0000000008000f5c      0x130 build/stm32h7xx_hal_eth.o
                0x0000000008000f5c                HAL_ETH_Init
 .text.HAL_TIM_Base_MspInit
                0x000000000800108c        0x2 build/stm32h7xx_hal_tim.o
                0x000000000800108c                HAL_TIM_Base_MspInit
 *fill*         0x000000000800108e        0x2 
 .text.HAL_TIM_Base_Start_IT
                0x0000000008001090       0x2c build/stm32h7xx_hal_tim.o
                0x0000000008001090                HAL_TIM_Base_Start_IT
 .text.HAL_TIM_OC_DelayElapsedCallback
                0x00000000080010bc        0x2 build/stm32h7xx_hal_tim.o
                0x00000000080010bc                HAL_TIM_OC_DelayElapsedCallback
 .text.HAL_TIM_IC_CaptureCallback
                0x00000000080010be        0x2 build/stm32h7xx_hal_tim.o
                0x00000000080010be                HAL_TIM_IC_CaptureCallback
 .text.HAL_TIM_PWM_PulseFinishedCallback
                0x00000000080010c0        0x2 build/stm32h7xx_hal_tim.o
                0x00000000080010c0                HAL_TIM_PWM_PulseFinishedCallback
 .text.HAL_TIM_TriggerCallback
                0x00000000080010c2        0x2 build/stm32h7xx_hal_tim.o
                0x00000000080010c2                HAL_TIM_TriggerCallback
 .text.HAL_TIM_IRQHandler
                0x00000000080010c4      0x19a build/stm32h7xx_hal_tim.o
                0x00000000080010c4                HAL_TIM_IRQHandler
 *fill*         0x000000000800125e        0x2 
 .text.TIM_Base_SetConfig
                0x0000000008001260      0x100 build/stm32h7xx_hal_tim.o
                0x0000000008001260                TIM_Base_SetConfig
 .text.HAL_TIM_Base_Init
                0x0000000008001360       0x34 build/stm32h7xx_hal_tim.o
                0x0000000008001360                HAL_TIM_Base_Init
 .text.HAL_TIMEx_CommutCallback
                0x0000000008001394        0x2 build/stm32h7xx_hal_tim_ex.o
                0x0000000008001394                HAL_TIMEx_CommutCallback
 .text.HAL_TIMEx_BreakCallback
                0x0000000008001396        0x2 build/stm32h7xx_hal_tim_ex.o
                0x0000000008001396                HAL_TIMEx_BreakCallback
 .text.HAL_TIMEx_Break2Callback
                0x0000000008001398        0x2 build/stm32h7xx_hal_tim_ex.o
                0x0000000008001398                HAL_TIMEx_Break2Callback
 *fill*         0x000000000800139a        0x2 
 .text.UART_SetConfig
                0x000000000800139c     0x159c build/stm32h7xx_hal_uart.o
                0x000000000800139c                UART_SetConfig
 .text.UART_AdvFeatureConfig
                0x0000000008002938       0xca build/stm32h7xx_hal_uart.o
                0x0000000008002938                UART_AdvFeatureConfig
 .text.UART_WaitOnFlagUntilTimeout
                0x0000000008002a02       0xac build/stm32h7xx_hal_uart.o
                0x0000000008002a02                UART_WaitOnFlagUntilTimeout
 .text.UART_CheckIdleState
                0x0000000008002aae       0x72 build/stm32h7xx_hal_uart.o
                0x0000000008002aae                UART_CheckIdleState
 .text.HAL_UART_Init
                0x0000000008002b20       0x66 build/stm32h7xx_hal_uart.o
                0x0000000008002b20                HAL_UART_Init
 *fill*         0x0000000008002b86        0x2 
 .text.UARTEx_SetNbDataToProcess
                0x0000000008002b88       0x70 build/stm32h7xx_hal_uart_ex.o
 .text.HAL_UARTEx_DisableFifoMode
                0x0000000008002bf8       0x3e build/stm32h7xx_hal_uart_ex.o
                0x0000000008002bf8                HAL_UARTEx_DisableFifoMode
 .text.HAL_UARTEx_SetTxFifoThreshold
                0x0000000008002c36       0x4a build/stm32h7xx_hal_uart_ex.o
                0x0000000008002c36                HAL_UARTEx_SetTxFifoThreshold
 .text.HAL_UARTEx_SetRxFifoThreshold
                0x0000000008002c80       0x4a build/stm32h7xx_hal_uart_ex.o
                0x0000000008002c80                HAL_UARTEx_SetRxFifoThreshold
 .text.HAL_PCD_Init
                0x0000000008002cca      0x134 build/stm32h7xx_hal_pcd.o
                0x0000000008002cca                HAL_PCD_Init
 *fill*         0x0000000008002dfe        0x2 
 .text.HAL_PCDEx_ActivateLPM
                0x0000000008002e00       0x28 build/stm32h7xx_hal_pcd_ex.o
                0x0000000008002e00                HAL_PCDEx_ActivateLPM
 .text.USB_CoreReset
                0x0000000008002e28       0x3c build/stm32h7xx_ll_usb.o
 .text.USB_CoreInit
                0x0000000008002e64       0x8c build/stm32h7xx_ll_usb.o
                0x0000000008002e64                USB_CoreInit
 .text.USB_DisableGlobalInt
                0x0000000008002ef0        0xc build/stm32h7xx_ll_usb.o
                0x0000000008002ef0                USB_DisableGlobalInt
 .text.USB_SetCurrentMode
                0x0000000008002efc       0x30 build/stm32h7xx_ll_usb.o
                0x0000000008002efc                USB_SetCurrentMode
 .text.USB_FlushTxFifo
                0x0000000008002f2c       0x28 build/stm32h7xx_ll_usb.o
                0x0000000008002f2c                USB_FlushTxFifo
 .text.USB_FlushRxFifo
                0x0000000008002f54       0x24 build/stm32h7xx_ll_usb.o
                0x0000000008002f54                USB_FlushRxFifo
 .text.USB_SetDevSpeed
                0x0000000008002f78        0xe build/stm32h7xx_ll_usb.o
                0x0000000008002f78                USB_SetDevSpeed
 *fill*         0x0000000008002f86        0x2 
 .text.USB_DevInit
                0x0000000008002f88      0x194 build/stm32h7xx_ll_usb.o
                0x0000000008002f88                USB_DevInit
 .text.USB_DevDisconnect
                0x000000000800311c       0x18 build/stm32h7xx_ll_usb.o
                0x000000000800311c                USB_DevDisconnect
 .text.HAL_RCC_OscConfig
                0x0000000008003134      0x5b4 build/stm32h7xx_hal_rcc.o
                0x0000000008003134                HAL_RCC_OscConfig
 .text.HAL_RCC_GetSysClockFreq
                0x00000000080036e8      0x1f4 build/stm32h7xx_hal_rcc.o
                0x00000000080036e8                HAL_RCC_GetSysClockFreq
 .text.HAL_RCC_ClockConfig
                0x00000000080038dc      0x27c build/stm32h7xx_hal_rcc.o
                0x00000000080038dc                HAL_RCC_ClockConfig
 .text.HAL_RCC_GetHCLKFreq
                0x0000000008003b58       0x2c build/stm32h7xx_hal_rcc.o
                0x0000000008003b58                HAL_RCC_GetHCLKFreq
 .text.HAL_RCC_GetPCLK1Freq
                0x0000000008003b84       0x24 build/stm32h7xx_hal_rcc.o
                0x0000000008003b84                HAL_RCC_GetPCLK1Freq
 .text.HAL_RCC_GetPCLK2Freq
                0x0000000008003ba8       0x24 build/stm32h7xx_hal_rcc.o
                0x0000000008003ba8                HAL_RCC_GetPCLK2Freq
 .text.HAL_RCC_GetClockConfig
                0x0000000008003bcc       0x54 build/stm32h7xx_hal_rcc.o
                0x0000000008003bcc                HAL_RCC_GetClockConfig
 .text.RCCEx_PLL2_Config
                0x0000000008003c20      0x10c build/stm32h7xx_hal_rcc_ex.o
 .text.RCCEx_PLL3_Config
                0x0000000008003d2c      0x10c build/stm32h7xx_hal_rcc_ex.o
 .text.HAL_RCCEx_PeriphCLKConfig
                0x0000000008003e38      0x9a4 build/stm32h7xx_hal_rcc_ex.o
                0x0000000008003e38                HAL_RCCEx_PeriphCLKConfig
 .text.HAL_RCCEx_GetD3PCLK1Freq
                0x00000000080047dc       0x24 build/stm32h7xx_hal_rcc_ex.o
                0x00000000080047dc                HAL_RCCEx_GetD3PCLK1Freq
 .text.HAL_RCCEx_GetPLL2ClockFreq
                0x0000000008004800      0x1fc build/stm32h7xx_hal_rcc_ex.o
                0x0000000008004800                HAL_RCCEx_GetPLL2ClockFreq
 .text.HAL_RCCEx_GetPLL3ClockFreq
                0x00000000080049fc      0x1fc build/stm32h7xx_hal_rcc_ex.o
                0x00000000080049fc                HAL_RCCEx_GetPLL3ClockFreq
 .text.HAL_RCCEx_GetD1SysClockFreq
                0x0000000008004bf8       0x2c build/stm32h7xx_hal_rcc_ex.o
                0x0000000008004bf8                HAL_RCCEx_GetD1SysClockFreq
 .text.HAL_GPIO_Init
                0x0000000008004c24      0x1e4 build/stm32h7xx_hal_gpio.o
                0x0000000008004c24                HAL_GPIO_Init
 .text.HAL_GPIO_WritePin
                0x0000000008004e08        0xc build/stm32h7xx_hal_gpio.o
                0x0000000008004e08                HAL_GPIO_WritePin
 .text.HAL_GPIO_TogglePin
                0x0000000008004e14       0x12 build/stm32h7xx_hal_gpio.o
                0x0000000008004e14                HAL_GPIO_TogglePin
 *fill*         0x0000000008004e26        0x2 
 .text.HAL_PWREx_ConfigSupply
                0x0000000008004e28       0x50 build/stm32h7xx_hal_pwr_ex.o
                0x0000000008004e28                HAL_PWREx_ConfigSupply
 .text.HAL_PWREx_EnableUSBVoltageDetector
                0x0000000008004e78       0x10 build/stm32h7xx_hal_pwr_ex.o
                0x0000000008004e78                HAL_PWREx_EnableUSBVoltageDetector
 .text.HAL_Init
                0x0000000008004e88       0x5c build/stm32h7xx_hal.o
                0x0000000008004e88                HAL_Init
 .text.HAL_IncTick
                0x0000000008004ee4       0x18 build/stm32h7xx_hal.o
                0x0000000008004ee4                HAL_IncTick
 .text.HAL_GetTick
                0x0000000008004efc        0xc build/stm32h7xx_hal.o
                0x0000000008004efc                HAL_GetTick
 .text.HAL_Delay
                0x0000000008004f08       0x28 build/stm32h7xx_hal.o
                0x0000000008004f08                HAL_Delay
 .text.HAL_GetREVID
                0x0000000008004f30        0xc build/stm32h7xx_hal.o
                0x0000000008004f30                HAL_GetREVID
 .text.HAL_SYSCFG_ETHInterfaceSelect
                0x0000000008004f3c       0x14 build/stm32h7xx_hal.o
                0x0000000008004f3c                HAL_SYSCFG_ETHInterfaceSelect
 .text.SystemInit
                0x0000000008004f50       0x7c build/system_stm32h7xx.o
                0x0000000008004f50                SystemInit
 .text.vListInitialise
                0x0000000008004fcc       0x16 build/list.o
                0x0000000008004fcc                vListInitialise
 .text.vListInitialiseItem
                0x0000000008004fe2        0x6 build/list.o
                0x0000000008004fe2                vListInitialiseItem
 .text.vListInsertEnd
                0x0000000008004fe8       0x16 build/list.o
                0x0000000008004fe8                vListInsertEnd
 .text.vListInsert
                0x0000000008004ffe       0x32 build/list.o
                0x0000000008004ffe                vListInsert
 .text.uxListRemove
                0x0000000008005030       0x26 build/list.o
                0x0000000008005030                uxListRemove
 .text.prvIsQueueFull
                0x0000000008005056       0x1e build/queue.o
 .text.prvIsQueueEmpty
                0x0000000008005074       0x1a build/queue.o
 .text.prvCopyDataToQueue
                0x000000000800508e       0x76 build/queue.o
 .text.prvCopyDataFromQueue
                0x0000000008005104       0x24 build/queue.o
 .text.prvUnlockQueue
                0x0000000008005128       0x6e build/queue.o
 *fill*         0x0000000008005196        0x2 
 .text.xQueueGenericReset
                0x0000000008005198       0x84 build/queue.o
                0x0000000008005198                xQueueGenericReset
 .text.prvInitialiseNewQueue
                0x000000000800521c       0x22 build/queue.o
 .text.xQueueGenericCreateStatic
                0x000000000800523e       0xa0 build/queue.o
                0x000000000800523e                xQueueGenericCreateStatic
 *fill*         0x00000000080052de        0x2 
 .text.xQueueGenericSend
                0x00000000080052e0      0x180 build/queue.o
                0x00000000080052e0                xQueueGenericSend
 .text.xQueueGenericSendFromISR
                0x0000000008005460       0xce build/queue.o
                0x0000000008005460                xQueueGenericSendFromISR
 *fill*         0x000000000800552e        0x2 
 .text.xQueueReceive
                0x0000000008005530      0x15c build/queue.o
                0x0000000008005530                xQueueReceive
 .text.vQueueAddToRegistry
                0x000000000800568c       0x28 build/queue.o
                0x000000000800568c                vQueueAddToRegistry
 .text.vQueueWaitForMessageRestricted
                0x00000000080056b4       0x52 build/queue.o
                0x00000000080056b4                vQueueWaitForMessageRestricted
 *fill*         0x0000000008005706        0x2 
 .text.prvResetNextTaskUnblockTime
                0x0000000008005708       0x2c build/tasks.o
 .text.prvInitialiseNewTask
                0x0000000008005734       0x8e build/tasks.o
 *fill*         0x00000000080057c2        0x2 
 .text.prvInitialiseTaskLists
                0x00000000080057c4       0x68 build/tasks.o
 .text.prvAddNewTaskToReadyList
                0x000000000800582c       0xac build/tasks.o
 .text.prvDeleteTCB
                0x00000000080058d8       0x38 build/tasks.o
 .text.prvCheckTasksWaitingTermination
                0x0000000008005910       0x4c build/tasks.o
 .text.prvIdleTask
                0x000000000800595c       0x28 build/tasks.o
 .text.prvAddCurrentTaskToDelayedList
                0x0000000008005984       0x84 build/tasks.o
 .text.xTaskCreateStatic
                0x0000000008005a08       0x72 build/tasks.o
                0x0000000008005a08                xTaskCreateStatic
 .text.xTaskCreate
                0x0000000008005a7a       0x68 build/tasks.o
                0x0000000008005a7a                xTaskCreate
 *fill*         0x0000000008005ae2        0x2 
 .text.vTaskStartScheduler
                0x0000000008005ae4       0x94 build/tasks.o
                0x0000000008005ae4                vTaskStartScheduler
 .text.vTaskSuspendAll
                0x0000000008005b78       0x10 build/tasks.o
                0x0000000008005b78                vTaskSuspendAll
 .text.xTaskGetTickCount
                0x0000000008005b88        0xc build/tasks.o
                0x0000000008005b88                xTaskGetTickCount
 .text.xTaskIncrementTick
                0x0000000008005b94      0x118 build/tasks.o
                0x0000000008005b94                xTaskIncrementTick
 .text.xTaskResumeAll
                0x0000000008005cac       0xf8 build/tasks.o
                0x0000000008005cac                xTaskResumeAll
 .text.vTaskDelay
                0x0000000008005da4       0x4c build/tasks.o
                0x0000000008005da4                vTaskDelay
 .text.vTaskSwitchContext
                0x0000000008005df0       0x98 build/tasks.o
                0x0000000008005df0                vTaskSwitchContext
 .text.vTaskPlaceOnEventList
                0x0000000008005e88       0x30 build/tasks.o
                0x0000000008005e88                vTaskPlaceOnEventList
 .text.vTaskPlaceOnEventListRestricted
                0x0000000008005eb8       0x38 build/tasks.o
                0x0000000008005eb8                vTaskPlaceOnEventListRestricted
 .text.xTaskRemoveFromEventList
                0x0000000008005ef0       0x8c build/tasks.o
                0x0000000008005ef0                xTaskRemoveFromEventList
 .text.vTaskInternalSetTimeOutState
                0x0000000008005f7c       0x18 build/tasks.o
                0x0000000008005f7c                vTaskInternalSetTimeOutState
 .text.xTaskCheckForTimeOut
                0x0000000008005f94       0x84 build/tasks.o
                0x0000000008005f94                xTaskCheckForTimeOut
 .text.vTaskMissedYield
                0x0000000008006018        0xc build/tasks.o
                0x0000000008006018                vTaskMissedYield
 .text.xTaskGetSchedulerState
                0x0000000008006024       0x20 build/tasks.o
                0x0000000008006024                xTaskGetSchedulerState
 .text.xTaskPriorityDisinherit
                0x0000000008006044       0x90 build/tasks.o
                0x0000000008006044                xTaskPriorityDisinherit
 .text.prvGetNextExpireTime
                0x00000000080060d4       0x20 build/timers.o
 .text.prvInsertTimerInActiveList
                0x00000000080060f4       0x50 build/timers.o
 .text.prvCheckForValidListAndQueue
                0x0000000008006144       0x70 build/timers.o
 .text.xTimerCreateTimerTask
                0x00000000080061b4       0x64 build/timers.o
                0x00000000080061b4                xTimerCreateTimerTask
 .text.xTimerGenericCommand
                0x0000000008006218       0x6c build/timers.o
                0x0000000008006218                xTimerGenericCommand
 .text.prvSwitchTimerLists
                0x0000000008006284       0x78 build/timers.o
 .text.prvSampleTimeNow
                0x00000000080062fc       0x2c build/timers.o
 .text.prvProcessExpiredTimer
                0x0000000008006328       0x60 build/timers.o
 .text.prvProcessTimerOrBlockTask
                0x0000000008006388       0x7c build/timers.o
 .text.prvProcessReceivedCommands
                0x0000000008006404       0xf8 build/timers.o
 .text.prvTimerTask
                0x00000000080064fc       0x16 build/timers.o
 *fill*         0x0000000008006512        0x2 
 .text.osKernelInitialize
                0x0000000008006514       0x44 build/cmsis_os2.o
                0x0000000008006514                osKernelInitialize
 .text.osKernelStart
                0x0000000008006558       0x4c build/cmsis_os2.o
                0x0000000008006558                osKernelStart
 .text.osThreadNew
                0x00000000080065a4       0xec build/cmsis_os2.o
                0x00000000080065a4                osThreadNew
 .text.osDelay  0x0000000008006690       0x44 build/cmsis_os2.o
                0x0000000008006690                osDelay
 .text.vApplicationGetIdleTaskMemory
                0x00000000080066d4       0x18 build/cmsis_os2.o
                0x00000000080066d4                vApplicationGetIdleTaskMemory
 .text.vApplicationGetTimerTaskMemory
                0x00000000080066ec       0x18 build/cmsis_os2.o
                0x00000000080066ec                vApplicationGetTimerTaskMemory
 .text.prvHeapInit
                0x0000000008006704       0x64 build/heap_4.o
 .text.prvInsertBlockIntoFreeList
                0x0000000008006768       0x58 build/heap_4.o
 .text.pvPortMalloc
                0x00000000080067c0       0xf0 build/heap_4.o
                0x00000000080067c0                pvPortMalloc
 .text.vPortFree
                0x00000000080068b0       0x70 build/heap_4.o
                0x00000000080068b0                vPortFree
 .text.prvTaskExitError
                0x0000000008006920       0x40 build/port.o
 .text.prvPortStartFirstTask
                0x0000000008006960       0x28 build/port.o
 .text.vPortEnableVFP
                0x0000000008006988       0x14 build/port.o
 .text.pxPortInitialiseStack
                0x000000000800699c       0x2c build/port.o
                0x000000000800699c                pxPortInitialiseStack
 *fill*         0x00000000080069c8        0x8 
 .text.SVC_Handler
                0x00000000080069d0       0x24 build/port.o
                0x00000000080069d0                SVC_Handler
 .text.vPortEnterCritical
                0x00000000080069f4       0x44 build/port.o
                0x00000000080069f4                vPortEnterCritical
 .text.vPortExitCritical
                0x0000000008006a38       0x2c build/port.o
                0x0000000008006a38                vPortExitCritical
 *fill*         0x0000000008006a64        0xc 
 .text.PendSV_Handler
                0x0000000008006a70       0x64 build/port.o
                0x0000000008006a70                PendSV_Handler
 .text.SysTick_Handler
                0x0000000008006ad4       0x2c build/port.o
                0x0000000008006ad4                SysTick_Handler
 .text.vPortSetupTimerInterrupt
                0x0000000008006b00       0x38 build/port.o
                0x0000000008006b00                vPortSetupTimerInterrupt
 .text.xPortStartScheduler
                0x0000000008006b38      0x110 build/port.o
                0x0000000008006b38                xPortStartScheduler
 .text.vPortValidateInterruptPriority
                0x0000000008006c48       0x5c build/port.o
                0x0000000008006c48                vPortValidateInterruptPriority
 .text.Reset_Handler
                0x0000000008006ca4       0x50 build/startup_stm32h743xx.o
                0x0000000008006ca4                Reset_Handler
 .text.Default_Handler
                0x0000000008006cf4        0x2 build/startup_stm32h743xx.o
                0x0000000008006cf4                RTC_Alarm_IRQHandler
                0x0000000008006cf4                EXTI2_IRQHandler
                0x0000000008006cf4                TIM8_CC_IRQHandler
                0x0000000008006cf4                HRTIM1_Master_IRQHandler
                0x0000000008006cf4                UART8_IRQHandler
                0x0000000008006cf4                SPI4_IRQHandler
                0x0000000008006cf4                TIM1_CC_IRQHandler
                0x0000000008006cf4                BDMA_Channel6_IRQHandler
                0x0000000008006cf4                DMA2_Stream5_IRQHandler
                0x0000000008006cf4                HRTIM1_FLT_IRQHandler
                0x0000000008006cf4                JPEG_IRQHandler
                0x0000000008006cf4                DMA1_Stream5_IRQHandler
                0x0000000008006cf4                BDMA_Channel1_IRQHandler
                0x0000000008006cf4                HRTIM1_TIMD_IRQHandler
                0x0000000008006cf4                TAMP_STAMP_IRQHandler
                0x0000000008006cf4                EXTI3_IRQHandler
                0x0000000008006cf4                LPTIM4_IRQHandler
                0x0000000008006cf4                TIM8_TRG_COM_TIM14_IRQHandler
                0x0000000008006cf4                LPTIM2_IRQHandler
                0x0000000008006cf4                DFSDM1_FLT1_IRQHandler
                0x0000000008006cf4                DMAMUX2_OVR_IRQHandler
                0x0000000008006cf4                TIM8_UP_TIM13_IRQHandler
                0x0000000008006cf4                I2C3_ER_IRQHandler
                0x0000000008006cf4                DFSDM1_FLT2_IRQHandler
                0x0000000008006cf4                MDMA_IRQHandler
                0x0000000008006cf4                LPTIM3_IRQHandler
                0x0000000008006cf4                HSEM1_IRQHandler
                0x0000000008006cf4                EXTI0_IRQHandler
                0x0000000008006cf4                I2C2_EV_IRQHandler
                0x0000000008006cf4                DMA1_Stream2_IRQHandler
                0x0000000008006cf4                FPU_IRQHandler
                0x0000000008006cf4                OTG_HS_WKUP_IRQHandler
                0x0000000008006cf4                FDCAN1_IT1_IRQHandler
                0x0000000008006cf4                LTDC_ER_IRQHandler
                0x0000000008006cf4                DMA2_Stream2_IRQHandler
                0x0000000008006cf4                HRTIM1_TIME_IRQHandler
                0x0000000008006cf4                SPI1_IRQHandler
                0x0000000008006cf4                TIM6_DAC_IRQHandler
                0x0000000008006cf4                DCMI_IRQHandler
                0x0000000008006cf4                HRTIM1_TIMC_IRQHandler
                0x0000000008006cf4                DMA2_Stream3_IRQHandler
                0x0000000008006cf4                SAI2_IRQHandler
                0x0000000008006cf4                DFSDM1_FLT3_IRQHandler
                0x0000000008006cf4                USART6_IRQHandler
                0x0000000008006cf4                TIM17_IRQHandler
                0x0000000008006cf4                USART3_IRQHandler
                0x0000000008006cf4                BDMA_Channel7_IRQHandler
                0x0000000008006cf4                LPTIM5_IRQHandler
                0x0000000008006cf4                UART5_IRQHandler
                0x0000000008006cf4                ADC3_IRQHandler
                0x0000000008006cf4                DMA2_Stream0_IRQHandler
                0x0000000008006cf4                TIM4_IRQHandler
                0x0000000008006cf4                BDMA_Channel2_IRQHandler
                0x0000000008006cf4                QUADSPI_IRQHandler
                0x0000000008006cf4                I2C1_EV_IRQHandler
                0x0000000008006cf4                DMA1_Stream6_IRQHandler
                0x0000000008006cf4                DMAMUX1_OVR_IRQHandler
                0x0000000008006cf4                DMA1_Stream1_IRQHandler
                0x0000000008006cf4                TIM16_IRQHandler
                0x0000000008006cf4                UART4_IRQHandler
                0x0000000008006cf4                BDMA_Channel5_IRQHandler
                0x0000000008006cf4                TIM3_IRQHandler
                0x0000000008006cf4                RCC_IRQHandler
                0x0000000008006cf4                TIM8_BRK_TIM12_IRQHandler
                0x0000000008006cf4                TIM1_TRG_COM_IRQHandler
                0x0000000008006cf4                Default_Handler
                0x0000000008006cf4                ECC_IRQHandler
                0x0000000008006cf4                CEC_IRQHandler
                0x0000000008006cf4                EXTI15_10_IRQHandler
                0x0000000008006cf4                BDMA_Channel0_IRQHandler
                0x0000000008006cf4                ADC_IRQHandler
                0x0000000008006cf4                DMA1_Stream7_IRQHandler
                0x0000000008006cf4                HRTIM1_TIMA_IRQHandler
                0x0000000008006cf4                SPI5_IRQHandler
                0x0000000008006cf4                TIM7_IRQHandler
                0x0000000008006cf4                SDMMC1_IRQHandler
                0x0000000008006cf4                TIM5_IRQHandler
                0x0000000008006cf4                DMA2_Stream7_IRQHandler
                0x0000000008006cf4                TIM15_IRQHandler
                0x0000000008006cf4                PVD_AVD_IRQHandler
                0x0000000008006cf4                I2C3_EV_IRQHandler
                0x0000000008006cf4                EXTI9_5_IRQHandler
                0x0000000008006cf4                RTC_WKUP_IRQHandler
                0x0000000008006cf4                LTDC_IRQHandler
                0x0000000008006cf4                SAI3_IRQHandler
                0x0000000008006cf4                ETH_WKUP_IRQHandler
                0x0000000008006cf4                SPDIF_RX_IRQHandler
                0x0000000008006cf4                SPI2_IRQHandler
                0x0000000008006cf4                OTG_HS_EP1_IN_IRQHandler
                0x0000000008006cf4                DMA1_Stream0_IRQHandler
                0x0000000008006cf4                CRS_IRQHandler
                0x0000000008006cf4                EXTI4_IRQHandler
                0x0000000008006cf4                RNG_IRQHandler
                0x0000000008006cf4                HRTIM1_TIMB_IRQHandler
                0x0000000008006cf4                FDCAN2_IT1_IRQHandler
                0x0000000008006cf4                ETH_IRQHandler
                0x0000000008006cf4                BDMA_Channel4_IRQHandler
                0x0000000008006cf4                OTG_HS_EP1_OUT_IRQHandler
                0x0000000008006cf4                WWDG_IRQHandler
                0x0000000008006cf4                SPI6_IRQHandler
                0x0000000008006cf4                MDIOS_IRQHandler
                0x0000000008006cf4                I2C4_EV_IRQHandler
                0x0000000008006cf4                FDCAN2_IT0_IRQHandler
                0x0000000008006cf4                LPUART1_IRQHandler
                0x0000000008006cf4                FDCAN1_IT0_IRQHandler
                0x0000000008006cf4                TIM2_IRQHandler
                0x0000000008006cf4                OTG_FS_WKUP_IRQHandler
                0x0000000008006cf4                OTG_HS_IRQHandler
                0x0000000008006cf4                DMA2D_IRQHandler
                0x0000000008006cf4                TIM1_BRK_IRQHandler
                0x0000000008006cf4                EXTI1_IRQHandler
                0x0000000008006cf4                SDMMC2_IRQHandler
                0x0000000008006cf4                OTG_FS_EP1_OUT_IRQHandler
                0x0000000008006cf4                BDMA_Channel3_IRQHandler
                0x0000000008006cf4                UART7_IRQHandler
                0x0000000008006cf4                MDIOS_WKUP_IRQHandler
                0x0000000008006cf4                USART2_IRQHandler
                0x0000000008006cf4                DFSDM1_FLT0_IRQHandler
                0x0000000008006cf4                SAI4_IRQHandler
                0x0000000008006cf4                I2C2_ER_IRQHandler
                0x0000000008006cf4                DMA2_Stream1_IRQHandler
                0x0000000008006cf4                FLASH_IRQHandler
                0x0000000008006cf4                DMA2_Stream4_IRQHandler
                0x0000000008006cf4                USART1_IRQHandler
                0x0000000008006cf4                OTG_FS_IRQHandler
                0x0000000008006cf4                SPI3_IRQHandler
                0x0000000008006cf4                WAKEUP_PIN_IRQHandler
                0x0000000008006cf4                DMA1_Stream4_IRQHandler
                0x0000000008006cf4                OTG_FS_EP1_IN_IRQHandler
                0x0000000008006cf4                I2C1_ER_IRQHandler
                0x0000000008006cf4                FMC_IRQHandler
                0x0000000008006cf4                FDCAN_CAL_IRQHandler
                0x0000000008006cf4                SWPMI1_IRQHandler
                0x0000000008006cf4                COMP1_IRQHandler
                0x0000000008006cf4                LPTIM1_IRQHandler
                0x0000000008006cf4                I2C4_ER_IRQHandler
                0x0000000008006cf4                DMA2_Stream6_IRQHandler
                0x0000000008006cf4                SAI1_IRQHandler
                0x0000000008006cf4                DMA1_Stream3_IRQHandler
 *fill*         0x0000000008006cf6        0x2 
 .text.__libc_init_array
                0x0000000008006cf8       0x48 /usr/lib/gcc/arm-none-eabi/9.1.0/../../../../arm-none-eabi/lib/thumb/v7e-m+dp/hard/libc_nano.a(lib_a-init.o)
                0x0000000008006cf8                __libc_init_array
 .text.memcpy   0x0000000008006d40       0x1c /usr/lib/gcc/arm-none-eabi/9.1.0/../../../../arm-none-eabi/lib/thumb/v7e-m+dp/hard/libc_nano.a(lib_a-memcpy-stub.o)
                0x0000000008006d40                memcpy
 .text.memset   0x0000000008006d5c       0x10 /usr/lib/gcc/arm-none-eabi/9.1.0/../../../../arm-none-eabi/lib/thumb/v7e-m+dp/hard/libc_nano.a(lib_a-memset.o)
                0x0000000008006d5c                memset
 .text.__udivmoddi4
                0x0000000008006d6c      0x2aa /usr/lib/gcc/arm-none-eabi/9.1.0/thumb/v7e-m+dp/hard/libgcc.a(_udivmoddi4.o)
                0x0000000008006d6c                __udivmoddi4
 *(.glue_7)
 .glue_7        0x0000000008007016        0x0 linker stubs
 *(.glue_7t)
 .glue_7t       0x0000000008007016        0x0 linker stubs
 *(.eh_frame)
 *fill*         0x0000000008007016        0x2 
 .eh_frame      0x0000000008007018        0x0 /usr/lib/gcc/arm-none-eabi/9.1.0/thumb/v7e-m+dp/hard/crtbegin.o
 *(.init)
 .init          0x0000000008007018        0x4 /usr/lib/gcc/arm-none-eabi/9.1.0/thumb/v7e-m+dp/hard/crti.o
                0x0000000008007018                _init
 .init          0x000000000800701c        0x8 /usr/lib/gcc/arm-none-eabi/9.1.0/thumb/v7e-m+dp/hard/crtn.o
 *(.fini)
 .fini          0x0000000008007024        0x4 /usr/lib/gcc/arm-none-eabi/9.1.0/thumb/v7e-m+dp/hard/crti.o
                0x0000000008007024                _fini
 .fini          0x0000000008007028        0x8 /usr/lib/gcc/arm-none-eabi/9.1.0/thumb/v7e-m+dp/hard/crtn.o
                0x0000000008007030                . = ALIGN (0x4)
                0x0000000008007030                _etext = .

.vfp11_veneer   0x0000000008007030        0x0
 .vfp11_veneer  0x0000000008007030        0x0 linker stubs

.v4_bx          0x0000000008007030        0x0
 .v4_bx         0x0000000008007030        0x0 linker stubs

.iplt           0x0000000008007030        0x0
 .iplt          0x0000000008007030        0x0 /usr/lib/gcc/arm-none-eabi/9.1.0/thumb/v7e-m+dp/hard/crtbegin.o

.rodata         0x0000000008007030       0x50
                0x0000000008007030                . = ALIGN (0x4)
 *(.rodata)
 .rodata        0x0000000008007030        0x8 build/stm32h7xx_hal_uart_ex.o
 *(.rodata*)
 .rodata.main.str1.4
                0x0000000008007038        0xc build/main.o
 .rodata.GPIO_PIN
                0x0000000008007044        0x6 build/stm32h7xx_nucleo_144.o
                0x0000000008007044                GPIO_PIN
 *fill*         0x000000000800704a        0x2 
 .rodata.UARTEx_SetNbDataToProcess.str1.4
                0x000000000800704c        0x9 build/stm32h7xx_hal_uart_ex.o
 *fill*         0x0000000008007055        0x3 
 .rodata.D1CorePrescTable
                0x0000000008007058       0x10 build/system_stm32h7xx.o
                0x0000000008007058                D1CorePrescTable
 .rodata.vTaskStartScheduler.str1.4
                0x0000000008007068        0x5 build/tasks.o
 *fill*         0x000000000800706d        0x3 
 .rodata.prvCheckForValidListAndQueue.str1.4
                0x0000000008007070        0x5 build/timers.o
 *fill*         0x0000000008007075        0x3 
 .rodata.xTimerCreateTimerTask.str1.4
                0x0000000008007078        0x8 build/timers.o
                0x0000000008007080                . = ALIGN (0x4)

.ARM.extab
 *(.ARM.extab* .gnu.linkonce.armextab.*)

.ARM            0x0000000008007080        0x8
                0x0000000008007080                __exidx_start = .
 *(.ARM.exidx*)
 .ARM.exidx.text.__udivmoddi4
                0x0000000008007080        0x8 /usr/lib/gcc/arm-none-eabi/9.1.0/thumb/v7e-m+dp/hard/libgcc.a(_udivmoddi4.o)
                0x0000000008007088                __exidx_end = .

.rel.dyn        0x0000000008007088        0x0
 .rel.iplt      0x0000000008007088        0x0 /usr/lib/gcc/arm-none-eabi/9.1.0/thumb/v7e-m+dp/hard/crtbegin.o

.preinit_array  0x0000000008007088        0x0
                0x0000000008007088                PROVIDE (__preinit_array_start = .)
 *(.preinit_array*)
                0x0000000008007088                PROVIDE (__preinit_array_end = .)

.init_array     0x0000000008007088        0x4
                0x0000000008007088                PROVIDE (__init_array_start = .)
 *(SORT_BY_NAME(.init_array.*))
 *(.init_array*)
 .init_array    0x0000000008007088        0x4 /usr/lib/gcc/arm-none-eabi/9.1.0/thumb/v7e-m+dp/hard/crtbegin.o
                0x000000000800708c                PROVIDE (__init_array_end = .)

.fini_array     0x000000000800708c        0x4
                0x000000000800708c                PROVIDE (__fini_array_start = .)
 *(SORT_BY_NAME(.fini_array.*))
 *(.fini_array*)
 .fini_array    0x000000000800708c        0x4 /usr/lib/gcc/arm-none-eabi/9.1.0/thumb/v7e-m+dp/hard/crtbegin.o
                0x0000000008007090                PROVIDE (__fini_array_end = .)
                0x0000000008007090                _sidata = LOADADDR (.data)

.data           0x0000000020000000       0x20 load address 0x0000000008007090
                0x0000000020000000                . = ALIGN (0x4)
                0x0000000020000000                _sdata = .
 *(.data)
 *(.data*)
 .data.GPIO_PORT
                0x0000000020000000        0xc build/stm32h7xx_nucleo_144.o
                0x0000000020000000                GPIO_PORT
 .data.uwTickFreq
                0x000000002000000c        0x1 build/stm32h7xx_hal.o
                0x000000002000000c                uwTickFreq
 *fill*         0x000000002000000d        0x3 
 .data.uwTickPrio
                0x0000000020000010        0x4 build/stm32h7xx_hal.o
                0x0000000020000010                uwTickPrio
 .data.SystemCoreClock
                0x0000000020000014        0x4 build/system_stm32h7xx.o
                0x0000000020000014                SystemCoreClock
 .data.SystemD2Clock
                0x0000000020000018        0x4 build/system_stm32h7xx.o
                0x0000000020000018                SystemD2Clock
 .data.uxCriticalNesting
                0x000000002000001c        0x4 build/port.o
                0x0000000020000020                . = ALIGN (0x4)
                0x0000000020000020                _edata = .

.igot.plt       0x0000000020000020        0x0 load address 0x00000000080070b0
 .igot.plt      0x0000000020000020        0x0 /usr/lib/gcc/arm-none-eabi/9.1.0/thumb/v7e-m+dp/hard/crtbegin.o

.RxDecripSection
                0x0000000020000020       0x60 load address 0x00000000080070b0
 .RxDecripSection
                0x0000000020000020       0x60 build/main.o
                0x0000000020000020                DMARxDscrTab

.TxDecripSection
                0x0000000020000080       0x60 load address 0x0000000008007110
 .TxDecripSection
                0x0000000020000080       0x60 build/main.o
                0x0000000020000080                DMATxDscrTab
                0x00000000200000e0                . = ALIGN (0x4)

.bss            0x00000000200000e0     0x4ee0 load address 0x0000000008007170
                0x00000000200000e0                _sbss = .
                0x00000000200000e0                __bss_start__ = _sbss
 *(.bss)
 *(.bss*)
 .bss.completed.10251
                0x00000000200000e0        0x1 /usr/lib/gcc/arm-none-eabi/9.1.0/thumb/v7e-m+dp/hard/crtbegin.o
 *fill*         0x00000000200000e1        0x3 
 .bss.object.10256
                0x00000000200000e4       0x18 /usr/lib/gcc/arm-none-eabi/9.1.0/thumb/v7e-m+dp/hard/crtbegin.o
 .bss.pxCurrentTCB
                0x00000000200000fc        0x4 build/tasks.o
                0x00000000200000fc                pxCurrentTCB
 .bss.pxDelayedTaskList
                0x0000000020000100        0x4 build/tasks.o
 .bss.pxOverflowDelayedTaskList
                0x0000000020000104        0x4 build/tasks.o
 .bss.pxReadyTasksLists
                0x0000000020000108      0x460 build/tasks.o
 .bss.uxCurrentNumberOfTasks
                0x0000000020000568        0x4 build/tasks.o
 .bss.uxDeletedTasksWaitingCleanUp
                0x000000002000056c        0x4 build/tasks.o
 .bss.uxPendedTicks
                0x0000000020000570        0x4 build/tasks.o
 .bss.uxSchedulerSuspended
                0x0000000020000574        0x4 build/tasks.o
 .bss.uxTaskNumber
                0x0000000020000578        0x4 build/tasks.o
 .bss.uxTopReadyPriority
                0x000000002000057c        0x4 build/tasks.o
 .bss.xDelayedTaskList1
                0x0000000020000580       0x14 build/tasks.o
 .bss.xDelayedTaskList2
                0x0000000020000594       0x14 build/tasks.o
 .bss.xNextTaskUnblockTime
                0x00000000200005a8        0x4 build/tasks.o
 .bss.xNumOfOverflows
                0x00000000200005ac        0x4 build/tasks.o
 .bss.xPendingReadyList
                0x00000000200005b0       0x14 build/tasks.o
 .bss.xSchedulerRunning
                0x00000000200005c4        0x4 build/tasks.o
 .bss.xSuspendedTaskList
                0x00000000200005c8       0x14 build/tasks.o
 .bss.xTasksWaitingTermination
                0x00000000200005dc       0x14 build/tasks.o
 .bss.xTickCount
                0x00000000200005f0        0x4 build/tasks.o
 .bss.xYieldPending
                0x00000000200005f4        0x4 build/tasks.o
 .bss.pxCurrentTimerList
                0x00000000200005f8        0x4 build/timers.o
 .bss.pxOverflowTimerList
                0x00000000200005fc        0x4 build/timers.o
 .bss.ucStaticTimerQueueStorage.6902
                0x0000000020000600       0xa0 build/timers.o
 .bss.xActiveTimerList1
                0x00000000200006a0       0x14 build/timers.o
 .bss.xActiveTimerList2
                0x00000000200006b4       0x14 build/timers.o
 .bss.xLastTime.6851
                0x00000000200006c8        0x4 build/timers.o
 .bss.xStaticTimerQueue.6901
                0x00000000200006cc       0x50 build/timers.o
 .bss.xTimerQueue
                0x000000002000071c        0x4 build/timers.o
 .bss.xTimerTaskHandle
                0x0000000020000720        0x4 build/timers.o
 .bss.Idle_Stack
                0x0000000020000724      0x200 build/cmsis_os2.o
 .bss.Idle_TCB  0x0000000020000924       0x5c build/cmsis_os2.o
 .bss.KernelState
                0x0000000020000980        0x4 build/cmsis_os2.o
 .bss.Timer_Stack
                0x0000000020000984      0x400 build/cmsis_os2.o
 .bss.Timer_TCB
                0x0000000020000d84       0x5c build/cmsis_os2.o
 .bss.pxEnd     0x0000000020000de0        0x4 build/heap_4.o
 .bss.ucHeap    0x0000000020000de4     0x3c00 build/heap_4.o
 .bss.xBlockAllocatedBit
                0x00000000200049e4        0x4 build/heap_4.o
 .bss.xFreeBytesRemaining
                0x00000000200049e8        0x4 build/heap_4.o
 .bss.xMinimumEverFreeBytesRemaining
                0x00000000200049ec        0x4 build/heap_4.o
 .bss.xStart    0x00000000200049f0        0x8 build/heap_4.o
 .bss.ucMaxSysCallPriority
                0x00000000200049f8        0x1 build/port.o
 *fill*         0x00000000200049f9        0x3 
 .bss.ulMaxPRIGROUPValue
                0x00000000200049fc        0x4 build/port.o
 *(COMMON)
 COMMON         0x0000000020004a00      0x53c build/main.o
                0x0000000020004a00                defaultTaskHandle
                0x0000000020004a04                huart3
                0x0000000020004a90                hpcd_USB_OTG_FS
                0x0000000020004e98                heth
                0x0000000020004f08                TxConfig
 COMMON         0x0000000020004f3c       0x40 build/stm32h7xx_hal_timebase_tim.o
                0x0000000020004f3c                htim1
 COMMON         0x0000000020004f7c        0x4 build/stm32h7xx_hal.o
                0x0000000020004f7c                uwTick
 COMMON         0x0000000020004f80       0x40 build/queue.o
                0x0000000020004f80                xQueueRegistry
                0x0000000020004fc0                . = ALIGN (0x4)
                0x0000000020004fc0                _ebss = .
                0x0000000020004fc0                __bss_end__ = _ebss

._user_heap_stack
                0x0000000020004fc0      0x600 load address 0x0000000008007170
                0x0000000020004fc0                . = ALIGN (0x8)
                [!provide]                        PROVIDE (end = .)
                [!provide]                        PROVIDE (_end = .)
                0x00000000200051c0                . = (. + _Min_Heap_Size)
 *fill*         0x0000000020004fc0      0x200 
                0x00000000200055c0                . = (. + _Min_Stack_Size)
 *fill*         0x00000000200051c0      0x400 
                0x00000000200055c0                . = ALIGN (0x8)

/DISCARD/
 libc.a(*)
 libm.a(*)
 libgcc.a(*)

.ARM.attributes
                0x0000000000000000       0x2e
 *(.ARM.attributes)
 .ARM.attributes
                0x0000000000000000       0x1e /usr/lib/gcc/arm-none-eabi/9.1.0/thumb/v7e-m+dp/hard/crti.o
 .ARM.attributes
                0x000000000000001e       0x32 /usr/lib/gcc/arm-none-eabi/9.1.0/thumb/v7e-m+dp/hard/crtbegin.o
 .ARM.attributes
                0x0000000000000050       0x32 build/main.o
 .ARM.attributes
                0x0000000000000082       0x32 build/stm32h7xx_it.o
 .ARM.attributes
                0x00000000000000b4       0x32 build/stm32h7xx_hal_msp.o
 .ARM.attributes
                0x00000000000000e6       0x32 build/stm32h7xx_hal_timebase_tim.o
 .ARM.attributes
                0x0000000000000118       0x32 build/stm32h7xx_nucleo_144.o
 .ARM.attributes
                0x000000000000014a       0x32 build/stm32h7xx_hal_cortex.o
 .ARM.attributes
                0x000000000000017c       0x32 build/stm32h7xx_hal_eth.o
 .ARM.attributes
                0x00000000000001ae       0x32 build/stm32h7xx_hal_tim.o
 .ARM.attributes
                0x00000000000001e0       0x32 build/stm32h7xx_hal_tim_ex.o
 .ARM.attributes
                0x0000000000000212       0x32 build/stm32h7xx_hal_uart.o
 .ARM.attributes
                0x0000000000000244       0x32 build/stm32h7xx_hal_uart_ex.o
 .ARM.attributes
                0x0000000000000276       0x32 build/stm32h7xx_hal_pcd.o
 .ARM.attributes
                0x00000000000002a8       0x32 build/stm32h7xx_hal_pcd_ex.o
 .ARM.attributes
                0x00000000000002da       0x32 build/stm32h7xx_ll_usb.o
 .ARM.attributes
                0x000000000000030c       0x32 build/stm32h7xx_hal_rcc.o
 .ARM.attributes
                0x000000000000033e       0x32 build/stm32h7xx_hal_rcc_ex.o
 .ARM.attributes
                0x0000000000000370       0x32 build/stm32h7xx_hal_gpio.o
 .ARM.attributes
                0x00000000000003a2       0x32 build/stm32h7xx_hal_pwr_ex.o
 .ARM.attributes
                0x00000000000003d4       0x32 build/stm32h7xx_hal.o
 .ARM.attributes
                0x0000000000000406       0x32 build/system_stm32h7xx.o
 .ARM.attributes
                0x0000000000000438       0x32 build/list.o
 .ARM.attributes
                0x000000000000046a       0x32 build/queue.o
 .ARM.attributes
                0x000000000000049c       0x32 build/tasks.o
 .ARM.attributes
                0x00000000000004ce       0x32 build/timers.o
 .ARM.attributes
                0x0000000000000500       0x32 build/cmsis_os2.o
 .ARM.attributes
                0x0000000000000532       0x32 build/heap_4.o
 .ARM.attributes
                0x0000000000000564       0x32 build/port.o
 .ARM.attributes
                0x0000000000000596       0x21 build/startup_stm32h743xx.o
 .ARM.attributes
                0x00000000000005b7       0x32 /usr/lib/gcc/arm-none-eabi/9.1.0/../../../../arm-none-eabi/lib/thumb/v7e-m+dp/hard/libc_nano.a(lib_a-init.o)
 .ARM.attributes
                0x00000000000005e9       0x32 /usr/lib/gcc/arm-none-eabi/9.1.0/../../../../arm-none-eabi/lib/thumb/v7e-m+dp/hard/libc_nano.a(lib_a-memcpy-stub.o)
 .ARM.attributes
                0x000000000000061b       0x32 /usr/lib/gcc/arm-none-eabi/9.1.0/../../../../arm-none-eabi/lib/thumb/v7e-m+dp/hard/libc_nano.a(lib_a-memset.o)
 .ARM.attributes
                0x000000000000064d       0x1e /usr/lib/gcc/arm-none-eabi/9.1.0/thumb/v7e-m+dp/hard/libgcc.a(_aeabi_uldivmod.o)
 .ARM.attributes
                0x000000000000066b       0x32 /usr/lib/gcc/arm-none-eabi/9.1.0/thumb/v7e-m+dp/hard/libgcc.a(_udivmoddi4.o)
 .ARM.attributes
                0x000000000000069d       0x1e /usr/lib/gcc/arm-none-eabi/9.1.0/thumb/v7e-m+dp/hard/libgcc.a(_dvmd_tls.o)
 .ARM.attributes
                0x00000000000006bb       0x1e /usr/lib/gcc/arm-none-eabi/9.1.0/thumb/v7e-m+dp/hard/crtn.o
OUTPUT(build/platform.elf elf32-littlearm)

.debug_info     0x0000000000000000    0x401ef
 .debug_info    0x0000000000000000     0x43b4 build/main.o
 .debug_info    0x00000000000043b4     0x1396 build/stm32h7xx_it.o
 .debug_info    0x000000000000574a     0x34e3 build/stm32h7xx_hal_msp.o
 .debug_info    0x0000000000008c2d     0x1d30 build/stm32h7xx_hal_timebase_tim.o
 .debug_info    0x000000000000a95d     0x1aab build/stm32h7xx_nucleo_144.o
 .debug_info    0x000000000000c408     0x206e build/stm32h7xx_hal_cortex.o
 .debug_info    0x000000000000e476     0x3b76 build/stm32h7xx_hal_eth.o
 .debug_info    0x0000000000011fec     0x4806 build/stm32h7xx_hal_tim.o
 .debug_info    0x00000000000167f2     0x266f build/stm32h7xx_hal_tim_ex.o
 .debug_info    0x0000000000018e61     0x3358 build/stm32h7xx_hal_uart.o
 .debug_info    0x000000000001c1b9     0x196b build/stm32h7xx_hal_uart_ex.o
 .debug_info    0x000000000001db24     0x2711 build/stm32h7xx_hal_pcd.o
 .debug_info    0x0000000000020235     0x1643 build/stm32h7xx_hal_pcd_ex.o
 .debug_info    0x0000000000021878     0x2c82 build/stm32h7xx_ll_usb.o
 .debug_info    0x00000000000244fa     0x1eb6 build/stm32h7xx_hal_rcc.o
 .debug_info    0x00000000000263b0     0x2431 build/stm32h7xx_hal_rcc_ex.o
 .debug_info    0x00000000000287e1     0x1a63 build/stm32h7xx_hal_gpio.o
 .debug_info    0x000000000002a244     0x1c73 build/stm32h7xx_hal_pwr_ex.o
 .debug_info    0x000000000002beb7     0x23ec build/stm32h7xx_hal.o
 .debug_info    0x000000000002e2a3     0x16a3 build/system_stm32h7xx.o
 .debug_info    0x000000000002f946      0xc92 build/list.o
 .debug_info    0x00000000000305d8     0x31da build/queue.o
 .debug_info    0x00000000000337b2     0x3b1d build/tasks.o
 .debug_info    0x00000000000372cf     0x23e8 build/timers.o
 .debug_info    0x00000000000396b7     0x572a build/cmsis_os2.o
 .debug_info    0x000000000003ede1      0xe24 build/heap_4.o
 .debug_info    0x000000000003fc05      0x5c8 build/port.o
 .debug_info    0x00000000000401cd       0x22 build/startup_stm32h743xx.o

.debug_abbrev   0x0000000000000000     0x5ce8
 .debug_abbrev  0x0000000000000000      0x371 build/main.o
 .debug_abbrev  0x0000000000000371      0x24f build/stm32h7xx_it.o
 .debug_abbrev  0x00000000000005c0      0x2dd build/stm32h7xx_hal_msp.o
 .debug_abbrev  0x000000000000089d      0x2db build/stm32h7xx_hal_timebase_tim.o
 .debug_abbrev  0x0000000000000b78      0x331 build/stm32h7xx_nucleo_144.o
 .debug_abbrev  0x0000000000000ea9      0x493 build/stm32h7xx_hal_cortex.o
 .debug_abbrev  0x000000000000133c      0x368 build/stm32h7xx_hal_eth.o
 .debug_abbrev  0x00000000000016a4      0x368 build/stm32h7xx_hal_tim.o
 .debug_abbrev  0x0000000000001a0c      0x364 build/stm32h7xx_hal_tim_ex.o
 .debug_abbrev  0x0000000000001d70      0x385 build/stm32h7xx_hal_uart.o
 .debug_abbrev  0x00000000000020f5      0x346 build/stm32h7xx_hal_uart_ex.o
 .debug_abbrev  0x000000000000243b      0x3b8 build/stm32h7xx_hal_pcd.o
 .debug_abbrev  0x00000000000027f3      0x371 build/stm32h7xx_hal_pcd_ex.o
 .debug_abbrev  0x0000000000002b64      0x3fe build/stm32h7xx_ll_usb.o
 .debug_abbrev  0x0000000000002f62      0x339 build/stm32h7xx_hal_rcc.o
 .debug_abbrev  0x000000000000329b      0x37a build/stm32h7xx_hal_rcc_ex.o
 .debug_abbrev  0x0000000000003615      0x350 build/stm32h7xx_hal_gpio.o
 .debug_abbrev  0x0000000000003965      0x3f8 build/stm32h7xx_hal_pwr_ex.o
 .debug_abbrev  0x0000000000003d5d      0x359 build/stm32h7xx_hal.o
 .debug_abbrev  0x00000000000040b6      0x263 build/system_stm32h7xx.o
 .debug_abbrev  0x0000000000004319      0x245 build/list.o
 .debug_abbrev  0x000000000000455e      0x478 build/queue.o
 .debug_abbrev  0x00000000000049d6      0x464 build/tasks.o
 .debug_abbrev  0x0000000000004e3a      0x3de build/timers.o
 .debug_abbrev  0x0000000000005218      0x4c7 build/cmsis_os2.o
 .debug_abbrev  0x00000000000056df      0x36d build/heap_4.o
 .debug_abbrev  0x0000000000005a4c      0x28a build/port.o
 .debug_abbrev  0x0000000000005cd6       0x12 build/startup_stm32h743xx.o

.debug_loc      0x0000000000000000    0x20293
 .debug_loc     0x0000000000000000      0x1bd build/main.o
 .debug_loc     0x00000000000001bd       0x20 build/stm32h7xx_it.o
 .debug_loc     0x00000000000001dd      0x2f2 build/stm32h7xx_hal_msp.o
 .debug_loc     0x00000000000004cf       0xcd build/stm32h7xx_hal_timebase_tim.o
 .debug_loc     0x000000000000059c      0x2dc build/stm32h7xx_nucleo_144.o
 .debug_loc     0x0000000000000878      0x7b6 build/stm32h7xx_hal_cortex.o
 .debug_loc     0x000000000000102e     0x23cf build/stm32h7xx_hal_eth.o
 .debug_loc     0x00000000000033fd     0x4a62 build/stm32h7xx_hal_tim.o
 .debug_loc     0x0000000000007e5f     0x1f54 build/stm32h7xx_hal_tim_ex.o
 .debug_loc     0x0000000000009db3     0x292f build/stm32h7xx_hal_uart.o
 .debug_loc     0x000000000000c6e2      0x6d6 build/stm32h7xx_hal_uart_ex.o
 .debug_loc     0x000000000000cdb8     0x1638 build/stm32h7xx_hal_pcd.o
 .debug_loc     0x000000000000e3f0      0x265 build/stm32h7xx_hal_pcd_ex.o
 .debug_loc     0x000000000000e655     0x2739 build/stm32h7xx_ll_usb.o
 .debug_loc     0x0000000000010d8e      0x9ce build/stm32h7xx_hal_rcc.o
 .debug_loc     0x000000000001175c     0x1935 build/stm32h7xx_hal_rcc_ex.o
 .debug_loc     0x0000000000013091      0x48d build/stm32h7xx_hal_gpio.o
 .debug_loc     0x000000000001351e      0x4c4 build/stm32h7xx_hal_pwr_ex.o
 .debug_loc     0x00000000000139e2      0x576 build/stm32h7xx_hal.o
 .debug_loc     0x0000000000013f58      0x166 build/system_stm32h7xx.o
 .debug_loc     0x00000000000140be       0xe5 build/list.o
 .debug_loc     0x00000000000141a3     0x1eca build/queue.o
 .debug_loc     0x000000000001606d     0x29de build/tasks.o
 .debug_loc     0x0000000000018a4b     0x12ca build/timers.o
 .debug_loc     0x0000000000019d15     0x6009 build/cmsis_os2.o
 .debug_loc     0x000000000001fd1e      0x3b5 build/heap_4.o
 .debug_loc     0x00000000000200d3      0x1c0 build/port.o

.debug_aranges  0x0000000000000000     0x1b90
 .debug_aranges
                0x0000000000000000       0x60 build/main.o
 .debug_aranges
                0x0000000000000060       0x50 build/stm32h7xx_it.o
 .debug_aranges
                0x00000000000000b0       0x50 build/stm32h7xx_hal_msp.o
 .debug_aranges
                0x0000000000000100       0x30 build/stm32h7xx_hal_timebase_tim.o
 .debug_aranges
                0x0000000000000130       0x60 build/stm32h7xx_nucleo_144.o
 .debug_aranges
                0x0000000000000190       0xb0 build/stm32h7xx_hal_cortex.o
 .debug_aranges
                0x0000000000000240      0x1b0 build/stm32h7xx_hal_eth.o
 .debug_aranges
                0x00000000000003f0      0x3c8 build/stm32h7xx_hal_tim.o
 .debug_aranges
                0x00000000000007b8      0x170 build/stm32h7xx_hal_tim_ex.o
 .debug_aranges
                0x0000000000000928      0x230 build/stm32h7xx_hal_uart.o
 .debug_aranges
                0x0000000000000b58       0x88 build/stm32h7xx_hal_uart_ex.o
 .debug_aranges
                0x0000000000000be0      0x130 build/stm32h7xx_hal_pcd.o
 .debug_aranges
                0x0000000000000d10       0x60 build/stm32h7xx_hal_pcd_ex.o
 .debug_aranges
                0x0000000000000d70      0x198 build/stm32h7xx_ll_usb.o
 .debug_aranges
                0x0000000000000f08       0x88 build/stm32h7xx_hal_rcc.o
 .debug_aranges
                0x0000000000000f90       0xe0 build/stm32h7xx_hal_rcc_ex.o
 .debug_aranges
                0x0000000000001070       0x58 build/stm32h7xx_hal_gpio.o
 .debug_aranges
                0x00000000000010c8      0x158 build/stm32h7xx_hal_pwr_ex.o
 .debug_aranges
                0x0000000000001220      0x1b8 build/stm32h7xx_hal.o
 .debug_aranges
                0x00000000000013d8       0x28 build/system_stm32h7xx.o
 .debug_aranges
                0x0000000000001400       0x40 build/list.o
 .debug_aranges
                0x0000000000001440      0x158 build/queue.o
 .debug_aranges
                0x0000000000001598      0x1f8 build/tasks.o
 .debug_aranges
                0x0000000000001790       0xe0 build/timers.o
 .debug_aranges
                0x0000000000001870      0x228 build/cmsis_os2.o
 .debug_aranges
                0x0000000000001a98       0x50 build/heap_4.o
 .debug_aranges
                0x0000000000001ae8       0x80 build/port.o
 .debug_aranges
                0x0000000000001b68       0x28 build/startup_stm32h743xx.o

.debug_ranges   0x0000000000000000     0x1cb8
 .debug_ranges  0x0000000000000000       0x50 build/main.o
 .debug_ranges  0x0000000000000050       0x40 build/stm32h7xx_it.o
 .debug_ranges  0x0000000000000090       0x40 build/stm32h7xx_hal_msp.o
 .debug_ranges  0x00000000000000d0       0x20 build/stm32h7xx_hal_timebase_tim.o
 .debug_ranges  0x00000000000000f0       0x50 build/stm32h7xx_nucleo_144.o
 .debug_ranges  0x0000000000000140      0x100 build/stm32h7xx_hal_cortex.o
 .debug_ranges  0x0000000000000240      0x1a0 build/stm32h7xx_hal_eth.o
 .debug_ranges  0x00000000000003e0      0x3b8 build/stm32h7xx_hal_tim.o
 .debug_ranges  0x0000000000000798      0x160 build/stm32h7xx_hal_tim_ex.o
 .debug_ranges  0x00000000000008f8      0x220 build/stm32h7xx_hal_uart.o
 .debug_ranges  0x0000000000000b18       0x78 build/stm32h7xx_hal_uart_ex.o
 .debug_ranges  0x0000000000000b90      0x120 build/stm32h7xx_hal_pcd.o
 .debug_ranges  0x0000000000000cb0       0x50 build/stm32h7xx_hal_pcd_ex.o
 .debug_ranges  0x0000000000000d00      0x188 build/stm32h7xx_ll_usb.o
 .debug_ranges  0x0000000000000e88       0xe8 build/stm32h7xx_hal_rcc.o
 .debug_ranges  0x0000000000000f70       0xd0 build/stm32h7xx_hal_rcc_ex.o
 .debug_ranges  0x0000000000001040       0x48 build/stm32h7xx_hal_gpio.o
 .debug_ranges  0x0000000000001088      0x148 build/stm32h7xx_hal_pwr_ex.o
 .debug_ranges  0x00000000000011d0      0x1a8 build/stm32h7xx_hal.o
 .debug_ranges  0x0000000000001378       0x18 build/system_stm32h7xx.o
 .debug_ranges  0x0000000000001390       0x30 build/list.o
 .debug_ranges  0x00000000000013c0      0x200 build/queue.o
 .debug_ranges  0x00000000000015c0      0x328 build/tasks.o
 .debug_ranges  0x00000000000018e8       0xd0 build/timers.o
 .debug_ranges  0x00000000000019b8      0x218 build/cmsis_os2.o
 .debug_ranges  0x0000000000001bd0       0x40 build/heap_4.o
 .debug_ranges  0x0000000000001c10       0x88 build/port.o
 .debug_ranges  0x0000000000001c98       0x20 build/startup_stm32h743xx.o

.debug_line     0x0000000000000000    0x1cdfd
 .debug_line    0x0000000000000000      0x7b4 build/main.o
 .debug_line    0x00000000000007b4      0x2cf build/stm32h7xx_it.o
 .debug_line    0x0000000000000a83      0x50f build/stm32h7xx_hal_msp.o
 .debug_line    0x0000000000000f92      0x301 build/stm32h7xx_hal_timebase_tim.o
 .debug_line    0x0000000000001293      0x409 build/stm32h7xx_nucleo_144.o
 .debug_line    0x000000000000169c      0x7f7 build/stm32h7xx_hal_cortex.o
 .debug_line    0x0000000000001e93     0x1e15 build/stm32h7xx_hal_eth.o
 .debug_line    0x0000000000003ca8     0x368f build/stm32h7xx_hal_tim.o
 .debug_line    0x0000000000007337     0x1334 build/stm32h7xx_hal_tim_ex.o
 .debug_line    0x000000000000866b     0x31f5 build/stm32h7xx_hal_uart.o
 .debug_line    0x000000000000b860      0x79e build/stm32h7xx_hal_uart_ex.o
 .debug_line    0x000000000000bffe     0x1340 build/stm32h7xx_hal_pcd.o
 .debug_line    0x000000000000d33e      0x4ef build/stm32h7xx_hal_pcd_ex.o
 .debug_line    0x000000000000d82d     0x1a64 build/stm32h7xx_ll_usb.o
 .debug_line    0x000000000000f291     0x1090 build/stm32h7xx_hal_rcc.o
 .debug_line    0x0000000000010321     0x197d build/stm32h7xx_hal_rcc_ex.o
 .debug_line    0x0000000000011c9e      0x721 build/stm32h7xx_hal_gpio.o
 .debug_line    0x00000000000123bf      0x9a5 build/stm32h7xx_hal_pwr_ex.o
 .debug_line    0x0000000000012d64      0x93e build/stm32h7xx_hal.o
 .debug_line    0x00000000000136a2      0x43d build/system_stm32h7xx.o
 .debug_line    0x0000000000013adf      0x38a build/list.o
 .debug_line    0x0000000000013e69     0x1eb7 build/queue.o
 .debug_line    0x0000000000015d20     0x2a4f build/tasks.o
 .debug_line    0x000000000001876f      0xd37 build/timers.o
 .debug_line    0x00000000000194a6     0x2c8e build/cmsis_os2.o
 .debug_line    0x000000000001c134      0x5ef build/heap_4.o
 .debug_line    0x000000000001c723      0x667 build/port.o
 .debug_line    0x000000000001cd8a       0x73 build/startup_stm32h743xx.o

.debug_str      0x0000000000000000     0xb0e0
 .debug_str     0x0000000000000000     0x28c7 build/main.o
                                       0x2a7c (size before relaxing)
 .debug_str     0x00000000000028c7       0xa4 build/stm32h7xx_it.o
                                        0xdb4 (size before relaxing)
 .debug_str     0x000000000000296b      0x8b1 build/stm32h7xx_hal_msp.o
                                       0x2373 (size before relaxing)
 .debug_str     0x000000000000321c      0x103 build/stm32h7xx_hal_timebase_tim.o
                                       0x1913 (size before relaxing)
 .debug_str     0x000000000000331f      0x17f build/stm32h7xx_nucleo_144.o
                                       0x150c (size before relaxing)
 .debug_str     0x000000000000349e      0x565 build/stm32h7xx_hal_cortex.o
                                       0x168f (size before relaxing)
 .debug_str     0x0000000000003a03      0xba5 build/stm32h7xx_hal_eth.o
                                       0x1f67 (size before relaxing)
 .debug_str     0x00000000000045a8      0xe48 build/stm32h7xx_hal_tim.o
                                       0x1c96 (size before relaxing)
 .debug_str     0x00000000000053f0      0x657 build/stm32h7xx_hal_tim_ex.o
                                       0x1585 (size before relaxing)
 .debug_str     0x0000000000005a47      0x942 build/stm32h7xx_hal_uart.o
                                       0x1992 (size before relaxing)
 .debug_str     0x0000000000006389      0x1c1 build/stm32h7xx_hal_uart_ex.o
                                       0x1076 (size before relaxing)
 .debug_str     0x000000000000654a      0x786 build/stm32h7xx_hal_pcd.o
                                       0x13c5 (size before relaxing)
 .debug_str     0x0000000000006cd0      0x1b6 build/stm32h7xx_hal_pcd_ex.o
                                        0xe16 (size before relaxing)
 .debug_str     0x0000000000006e86      0x423 build/stm32h7xx_ll_usb.o
                                       0x12fc (size before relaxing)
 .debug_str     0x00000000000072a9      0x2b0 build/stm32h7xx_hal_rcc.o
                                       0x1024 (size before relaxing)
 .debug_str     0x0000000000007559      0x463 build/stm32h7xx_hal_rcc_ex.o
                                       0x141a (size before relaxing)
 .debug_str     0x00000000000079bc      0x14c build/stm32h7xx_hal_gpio.o
                                        0xd40 (size before relaxing)
 .debug_str     0x0000000000007b08      0x521 build/stm32h7xx_hal_pwr_ex.o
                                       0x1040 (size before relaxing)
 .debug_str     0x0000000000008029      0x5ca build/stm32h7xx_hal.o
                                       0x1ab5 (size before relaxing)
 .debug_str     0x00000000000085f3       0x38 build/system_stm32h7xx.o
                                        0xc00 (size before relaxing)
 .debug_str     0x000000000000862b      0x157 build/list.o
                                        0x6d4 (size before relaxing)
 .debug_str     0x0000000000008782      0x9b2 build/queue.o
                                       0x1052 (size before relaxing)
 .debug_str     0x0000000000009134      0xc4b build/tasks.o
                                       0x164e (size before relaxing)
 .debug_str     0x0000000000009d7f      0x5a9 build/timers.o
                                        0xfc5 (size before relaxing)
 .debug_str     0x000000000000a328      0xa34 build/cmsis_os2.o
                                       0x1cb0 (size before relaxing)
 .debug_str     0x000000000000ad5c      0x1d5 build/heap_4.o
                                        0x7bd (size before relaxing)
 .debug_str     0x000000000000af31      0x18d build/port.o
                                        0x457 (size before relaxing)
 .debug_str     0x000000000000b0be       0x22 build/startup_stm32h743xx.o
                                         0x55 (size before relaxing)

.comment        0x0000000000000000       0x1d
 .comment       0x0000000000000000       0x1d build/main.o
                                         0x1e (size before relaxing)
 .comment       0x000000000000001d       0x1e build/stm32h7xx_it.o
 .comment       0x000000000000001d       0x1e build/stm32h7xx_hal_msp.o
 .comment       0x000000000000001d       0x1e build/stm32h7xx_hal_timebase_tim.o
 .comment       0x000000000000001d       0x1e build/stm32h7xx_nucleo_144.o
 .comment       0x000000000000001d       0x1e build/stm32h7xx_hal_cortex.o
 .comment       0x000000000000001d       0x1e build/stm32h7xx_hal_eth.o
 .comment       0x000000000000001d       0x1e build/stm32h7xx_hal_tim.o
 .comment       0x000000000000001d       0x1e build/stm32h7xx_hal_tim_ex.o
 .comment       0x000000000000001d       0x1e build/stm32h7xx_hal_uart.o
 .comment       0x000000000000001d       0x1e build/stm32h7xx_hal_uart_ex.o
 .comment       0x000000000000001d       0x1e build/stm32h7xx_hal_pcd.o
 .comment       0x000000000000001d       0x1e build/stm32h7xx_hal_pcd_ex.o
 .comment       0x000000000000001d       0x1e build/stm32h7xx_ll_usb.o
 .comment       0x000000000000001d       0x1e build/stm32h7xx_hal_rcc.o
 .comment       0x000000000000001d       0x1e build/stm32h7xx_hal_rcc_ex.o
 .comment       0x000000000000001d       0x1e build/stm32h7xx_hal_gpio.o
 .comment       0x000000000000001d       0x1e build/stm32h7xx_hal_pwr_ex.o
 .comment       0x000000000000001d       0x1e build/stm32h7xx_hal.o
 .comment       0x000000000000001d       0x1e build/system_stm32h7xx.o
 .comment       0x000000000000001d       0x1e build/list.o
 .comment       0x000000000000001d       0x1e build/queue.o
 .comment       0x000000000000001d       0x1e build/tasks.o
 .comment       0x000000000000001d       0x1e build/timers.o
 .comment       0x000000000000001d       0x1e build/cmsis_os2.o
 .comment       0x000000000000001d       0x1e build/heap_4.o
 .comment       0x000000000000001d       0x1e build/port.o

.debug_frame    0x0000000000000000     0x5604
 .debug_frame   0x0000000000000000      0x124 build/main.o
 .debug_frame   0x0000000000000124       0x8c build/stm32h7xx_it.o
 .debug_frame   0x00000000000001b0       0xf4 build/stm32h7xx_hal_msp.o
 .debug_frame   0x00000000000002a4       0x50 build/stm32h7xx_hal_timebase_tim.o
 .debug_frame   0x00000000000002f4      0x120 build/stm32h7xx_nucleo_144.o
 .debug_frame   0x0000000000000414      0x17c build/stm32h7xx_hal_cortex.o
 .debug_frame   0x0000000000000590      0x53c build/stm32h7xx_hal_eth.o
 .debug_frame   0x0000000000000acc      0xc9c build/stm32h7xx_hal_tim.o
 .debug_frame   0x0000000000001768      0x4bc build/stm32h7xx_hal_tim_ex.o
 .debug_frame   0x0000000000001c24      0x6e4 build/stm32h7xx_hal_uart.o
 .debug_frame   0x0000000000002308      0x17c build/stm32h7xx_hal_uart_ex.o
 .debug_frame   0x0000000000002484      0x3c0 build/stm32h7xx_hal_pcd.o
 .debug_frame   0x0000000000002844       0xc0 build/stm32h7xx_hal_pcd_ex.o
 .debug_frame   0x0000000000002904      0x510 build/stm32h7xx_ll_usb.o
 .debug_frame   0x0000000000002e14      0x1c8 build/stm32h7xx_hal_rcc.o
 .debug_frame   0x0000000000002fdc      0x298 build/stm32h7xx_hal_rcc_ex.o
 .debug_frame   0x0000000000003274       0xec build/stm32h7xx_hal_gpio.o
 .debug_frame   0x0000000000003360      0x310 build/stm32h7xx_hal_pwr_ex.o
 .debug_frame   0x0000000000003670      0x404 build/stm32h7xx_hal.o
 .debug_frame   0x0000000000003a74       0x40 build/system_stm32h7xx.o
 .debug_frame   0x0000000000003ab4       0x74 build/list.o
 .debug_frame   0x0000000000003b28      0x4f8 build/queue.o
 .debug_frame   0x0000000000004020      0x740 build/tasks.o
 .debug_frame   0x0000000000004760      0x318 build/timers.o
 .debug_frame   0x0000000000004a78      0x8e4 build/cmsis_os2.o
 .debug_frame   0x000000000000535c       0xbc build/heap_4.o
 .debug_frame   0x0000000000005418      0x114 build/port.o
 .debug_frame   0x000000000000552c       0x2c /usr/lib/gcc/arm-none-eabi/9.1.0/../../../../arm-none-eabi/lib/thumb/v7e-m+dp/hard/libc_nano.a(lib_a-init.o)
 .debug_frame   0x0000000000005558       0x28 /usr/lib/gcc/arm-none-eabi/9.1.0/../../../../arm-none-eabi/lib/thumb/v7e-m+dp/hard/libc_nano.a(lib_a-memcpy-stub.o)
 .debug_frame   0x0000000000005580       0x20 /usr/lib/gcc/arm-none-eabi/9.1.0/../../../../arm-none-eabi/lib/thumb/v7e-m+dp/hard/libc_nano.a(lib_a-memset.o)
 .debug_frame   0x00000000000055a0       0x2c /usr/lib/gcc/arm-none-eabi/9.1.0/thumb/v7e-m+dp/hard/libgcc.a(_aeabi_uldivmod.o)
 .debug_frame   0x00000000000055cc       0x38 /usr/lib/gcc/arm-none-eabi/9.1.0/thumb/v7e-m+dp/hard/libgcc.a(_udivmoddi4.o)

Cross Reference Table

Symbol                                            File
ADC3_IRQHandler                                   build/startup_stm32h743xx.o
ADC_IRQHandler                                    build/startup_stm32h743xx.o
BDMA_Channel0_IRQHandler                          build/startup_stm32h743xx.o
BDMA_Channel1_IRQHandler                          build/startup_stm32h743xx.o
BDMA_Channel2_IRQHandler                          build/startup_stm32h743xx.o
BDMA_Channel3_IRQHandler                          build/startup_stm32h743xx.o
BDMA_Channel4_IRQHandler                          build/startup_stm32h743xx.o
BDMA_Channel5_IRQHandler                          build/startup_stm32h743xx.o
BDMA_Channel6_IRQHandler                          build/startup_stm32h743xx.o
BDMA_Channel7_IRQHandler                          build/startup_stm32h743xx.o
BSP_GetVersion                                    build/stm32h7xx_nucleo_144.o
BSP_LED_DeInit                                    build/stm32h7xx_nucleo_144.o
BSP_LED_Init                                      build/stm32h7xx_nucleo_144.o
                                                  build/main.o
BSP_LED_Off                                       build/stm32h7xx_nucleo_144.o
BSP_LED_On                                        build/stm32h7xx_nucleo_144.o
BSP_LED_Toggle                                    build/stm32h7xx_nucleo_144.o
                                                  build/main.o
BSP_PB_DeInit                                     build/stm32h7xx_nucleo_144.o
BSP_PB_GetState                                   build/stm32h7xx_nucleo_144.o
BSP_PB_Init                                       build/stm32h7xx_nucleo_144.o
BUTTON_IRQn                                       build/stm32h7xx_nucleo_144.o
BUTTON_PIN                                        build/stm32h7xx_nucleo_144.o
BUTTON_PORT                                       build/stm32h7xx_nucleo_144.o
BusFault_Handler                                  build/stm32h7xx_it.o
CEC_IRQHandler                                    build/startup_stm32h743xx.o
COMP1_IRQHandler                                  build/startup_stm32h743xx.o
CRS_IRQHandler                                    build/startup_stm32h743xx.o
D1CorePrescTable                                  build/system_stm32h7xx.o
                                                  build/stm32h7xx_hal.o
                                                  build/stm32h7xx_hal_rcc_ex.o
                                                  build/stm32h7xx_hal_rcc.o
DCMI_IRQHandler                                   build/startup_stm32h743xx.o
DFSDM1_FLT0_IRQHandler                            build/startup_stm32h743xx.o
DFSDM1_FLT1_IRQHandler                            build/startup_stm32h743xx.o
DFSDM1_FLT2_IRQHandler                            build/startup_stm32h743xx.o
DFSDM1_FLT3_IRQHandler                            build/startup_stm32h743xx.o
DMA1_Stream0_IRQHandler                           build/startup_stm32h743xx.o
DMA1_Stream1_IRQHandler                           build/startup_stm32h743xx.o
DMA1_Stream2_IRQHandler                           build/startup_stm32h743xx.o
DMA1_Stream3_IRQHandler                           build/startup_stm32h743xx.o
DMA1_Stream4_IRQHandler                           build/startup_stm32h743xx.o
DMA1_Stream5_IRQHandler                           build/startup_stm32h743xx.o
DMA1_Stream6_IRQHandler                           build/startup_stm32h743xx.o
DMA1_Stream7_IRQHandler                           build/startup_stm32h743xx.o
DMA2D_IRQHandler                                  build/startup_stm32h743xx.o
DMA2_Stream0_IRQHandler                           build/startup_stm32h743xx.o
DMA2_Stream1_IRQHandler                           build/startup_stm32h743xx.o
DMA2_Stream2_IRQHandler                           build/startup_stm32h743xx.o
DMA2_Stream3_IRQHandler                           build/startup_stm32h743xx.o
DMA2_Stream4_IRQHandler                           build/startup_stm32h743xx.o
DMA2_Stream5_IRQHandler                           build/startup_stm32h743xx.o
DMA2_Stream6_IRQHandler                           build/startup_stm32h743xx.o
DMA2_Stream7_IRQHandler                           build/startup_stm32h743xx.o
DMAMUX1_OVR_IRQHandler                            build/startup_stm32h743xx.o
DMAMUX2_OVR_IRQHandler                            build/startup_stm32h743xx.o
DMARxDscrTab                                      build/main.o
DMATxDscrTab                                      build/main.o
DebugMon_Handler                                  build/stm32h7xx_it.o
Default_Handler                                   build/startup_stm32h743xx.o
ECC_IRQHandler                                    build/startup_stm32h743xx.o
ETH_IRQHandler                                    build/startup_stm32h743xx.o
ETH_WKUP_IRQHandler                               build/startup_stm32h743xx.o
EXTI0_IRQHandler                                  build/startup_stm32h743xx.o
EXTI15_10_IRQHandler                              build/startup_stm32h743xx.o
EXTI1_IRQHandler                                  build/startup_stm32h743xx.o
EXTI2_IRQHandler                                  build/startup_stm32h743xx.o
EXTI3_IRQHandler                                  build/startup_stm32h743xx.o
EXTI4_IRQHandler                                  build/startup_stm32h743xx.o
EXTI9_5_IRQHandler                                build/startup_stm32h743xx.o
Error_Handler                                     build/main.o
FDCAN1_IT0_IRQHandler                             build/startup_stm32h743xx.o
FDCAN1_IT1_IRQHandler                             build/startup_stm32h743xx.o
FDCAN2_IT0_IRQHandler                             build/startup_stm32h743xx.o
FDCAN2_IT1_IRQHandler                             build/startup_stm32h743xx.o
FDCAN_CAL_IRQHandler                              build/startup_stm32h743xx.o
FLASH_CRC_WaitForLastOperation                    build/stm32h7xx_hal_flash.o
                                                  build/stm32h7xx_hal_flash_ex.o
FLASH_Erase_Sector                                build/stm32h7xx_hal_flash_ex.o
                                                  build/stm32h7xx_hal_flash.o
FLASH_IRQHandler                                  build/startup_stm32h743xx.o
FLASH_OB_WaitForLastOperation                     build/stm32h7xx_hal_flash.o
                                                  build/stm32h7xx_hal_flash_ex.o
FLASH_WaitForLastOperation                        build/stm32h7xx_hal_flash.o
                                                  build/stm32h7xx_hal_flash_ex.o
FMC_IRQHandler                                    build/startup_stm32h743xx.o
FPU_IRQHandler                                    build/startup_stm32h743xx.o
GPIO_PIN                                          build/stm32h7xx_nucleo_144.o
GPIO_PORT                                         build/stm32h7xx_nucleo_144.o
HAL_DBGMCU_DisableDBGSleepMode                    build/stm32h7xx_hal.o
HAL_DBGMCU_DisableDBGStandbyMode                  build/stm32h7xx_hal.o
HAL_DBGMCU_DisableDBGStopMode                     build/stm32h7xx_hal.o
HAL_DBGMCU_EnableDBGSleepMode                     build/stm32h7xx_hal.o
HAL_DBGMCU_EnableDBGStandbyMode                   build/stm32h7xx_hal.o
HAL_DBGMCU_EnableDBGStopMode                      build/stm32h7xx_hal.o
HAL_DMAEx_ChangeMemory                            build/stm32h7xx_hal_dma_ex.o
HAL_DMAEx_ConfigMuxRequestGenerator               build/stm32h7xx_hal_dma_ex.o
HAL_DMAEx_ConfigMuxSync                           build/stm32h7xx_hal_dma_ex.o
HAL_DMAEx_DisableMuxRequestGenerator              build/stm32h7xx_hal_dma_ex.o
HAL_DMAEx_EnableMuxRequestGenerator               build/stm32h7xx_hal_dma_ex.o
HAL_DMAEx_MUX_IRQHandler                          build/stm32h7xx_hal_dma_ex.o
HAL_DMAEx_MultiBufferStart                        build/stm32h7xx_hal_dma_ex.o
HAL_DMAEx_MultiBufferStart_IT                     build/stm32h7xx_hal_dma_ex.o
HAL_DMA_Abort                                     build/stm32h7xx_hal_dma.o
                                                  build/stm32h7xx_hal_uart.o
HAL_DMA_Abort_IT                                  build/stm32h7xx_hal_dma.o
                                                  build/stm32h7xx_hal_i2c.o
                                                  build/stm32h7xx_hal_uart.o
                                                  build/stm32h7xx_hal_tim_ex.o
                                                  build/stm32h7xx_hal_tim.o
HAL_DMA_DeInit                                    build/stm32h7xx_hal_dma.o
HAL_DMA_GetError                                  build/stm32h7xx_hal_dma.o
                                                  build/stm32h7xx_hal_i2c.o
                                                  build/stm32h7xx_hal_uart.o
HAL_DMA_GetState                                  build/stm32h7xx_hal_dma.o
HAL_DMA_IRQHandler                                build/stm32h7xx_hal_dma.o
HAL_DMA_Init                                      build/stm32h7xx_hal_dma.o
HAL_DMA_PollForTransfer                           build/stm32h7xx_hal_dma.o
HAL_DMA_RegisterCallback                          build/stm32h7xx_hal_dma.o
HAL_DMA_Start                                     build/stm32h7xx_hal_dma.o
HAL_DMA_Start_IT                                  build/stm32h7xx_hal_dma.o
                                                  build/stm32h7xx_hal_i2c.o
                                                  build/stm32h7xx_hal_uart.o
                                                  build/stm32h7xx_hal_tim_ex.o
                                                  build/stm32h7xx_hal_tim.o
HAL_DMA_UnRegisterCallback                        build/stm32h7xx_hal_dma.o
HAL_DeInit                                        build/stm32h7xx_hal.o
HAL_Delay                                         build/stm32h7xx_hal.o
                                                  build/stm32h7xx_ll_usb.o
                                                  build/stm32h7xx_hal_pcd_ex.o
HAL_DisableCompensationCell                       build/stm32h7xx_hal.o
HAL_DisableDomain3DBGStandbyMode                  build/stm32h7xx_hal.o
HAL_DisableDomain3DBGStopMode                     build/stm32h7xx_hal.o
HAL_ETHEx_DisableARPOffload                       build/stm32h7xx_hal_eth_ex.o
HAL_ETHEx_DisableL3L4Filtering                    build/stm32h7xx_hal_eth_ex.o
HAL_ETHEx_DisableVLANProcessing                   build/stm32h7xx_hal_eth_ex.o
HAL_ETHEx_EnableARPOffload                        build/stm32h7xx_hal_eth_ex.o
HAL_ETHEx_EnableL3L4Filtering                     build/stm32h7xx_hal_eth_ex.o
HAL_ETHEx_EnableVLANProcessing                    build/stm32h7xx_hal_eth_ex.o
HAL_ETHEx_EnterLPIMode                            build/stm32h7xx_hal_eth_ex.o
HAL_ETHEx_ExitLPIMode                             build/stm32h7xx_hal_eth_ex.o
HAL_ETHEx_GetL3FilterConfig                       build/stm32h7xx_hal_eth_ex.o
HAL_ETHEx_GetL4FilterConfig                       build/stm32h7xx_hal_eth_ex.o
HAL_ETHEx_GetMACLPIEvent                          build/stm32h7xx_hal_eth_ex.o
HAL_ETHEx_GetRxVLANConfig                         build/stm32h7xx_hal_eth_ex.o
HAL_ETHEx_GetTxVLANConfig                         build/stm32h7xx_hal_eth_ex.o
HAL_ETHEx_SetARPAddressMatch                      build/stm32h7xx_hal_eth_ex.o
HAL_ETHEx_SetL3FilterConfig                       build/stm32h7xx_hal_eth_ex.o
HAL_ETHEx_SetL4FilterConfig                       build/stm32h7xx_hal_eth_ex.o
HAL_ETHEx_SetRxVLANConfig                         build/stm32h7xx_hal_eth_ex.o
HAL_ETHEx_SetTxVLANConfig                         build/stm32h7xx_hal_eth_ex.o
HAL_ETHEx_SetTxVLANIdentifier                     build/stm32h7xx_hal_eth_ex.o
HAL_ETHEx_SetVLANHashTable                        build/stm32h7xx_hal_eth_ex.o
HAL_ETH_BuildRxDescriptors                        build/stm32h7xx_hal_eth.o
HAL_ETH_DMAErrorCallback                          build/stm32h7xx_hal_eth.o
HAL_ETH_DeInit                                    build/stm32h7xx_hal_eth.o
HAL_ETH_DescAssignMemory                          build/stm32h7xx_hal_eth.o
HAL_ETH_EEECallback                               build/stm32h7xx_hal_eth.o
HAL_ETH_EnterPowerDownMode                        build/stm32h7xx_hal_eth.o
HAL_ETH_ExitPowerDownMode                         build/stm32h7xx_hal_eth.o
HAL_ETH_GetDMAConfig                              build/stm32h7xx_hal_eth.o
HAL_ETH_GetDMAError                               build/stm32h7xx_hal_eth.o
HAL_ETH_GetError                                  build/stm32h7xx_hal_eth.o
HAL_ETH_GetMACConfig                              build/stm32h7xx_hal_eth.o
HAL_ETH_GetMACError                               build/stm32h7xx_hal_eth.o
HAL_ETH_GetMACFilterConfig                        build/stm32h7xx_hal_eth.o
HAL_ETH_GetMACWakeUpSource                        build/stm32h7xx_hal_eth.o
HAL_ETH_GetRxDataBuffer                           build/stm32h7xx_hal_eth.o
HAL_ETH_GetRxDataInfo                             build/stm32h7xx_hal_eth.o
HAL_ETH_GetRxDataLength                           build/stm32h7xx_hal_eth.o
HAL_ETH_GetState                                  build/stm32h7xx_hal_eth.o
HAL_ETH_IRQHandler                                build/stm32h7xx_hal_eth.o
HAL_ETH_Init                                      build/stm32h7xx_hal_eth.o
                                                  build/main.o
HAL_ETH_IsRxDataAvailable                         build/stm32h7xx_hal_eth.o
HAL_ETH_MACErrorCallback                          build/stm32h7xx_hal_eth.o
HAL_ETH_MspDeInit                                 build/stm32h7xx_hal_msp.o
HAL_ETH_MspInit                                   build/stm32h7xx_hal_msp.o
HAL_ETH_PMTCallback                               build/stm32h7xx_hal_eth.o
HAL_ETH_ReadPHYRegister                           build/stm32h7xx_hal_eth.o
HAL_ETH_RxCpltCallback                            build/stm32h7xx_hal_eth.o
HAL_ETH_SetDMAConfig                              build/stm32h7xx_hal_eth.o
HAL_ETH_SetHashTable                              build/stm32h7xx_hal_eth.o
HAL_ETH_SetMACConfig                              build/stm32h7xx_hal_eth.o
HAL_ETH_SetMACFilterConfig                        build/stm32h7xx_hal_eth.o
HAL_ETH_SetMDIOClockRange                         build/stm32h7xx_hal_eth.o
HAL_ETH_SetRxVLANIdentifier                       build/stm32h7xx_hal_eth.o
HAL_ETH_SetSourceMACAddrMatch                     build/stm32h7xx_hal_eth.o
HAL_ETH_SetWakeUpFilter                           build/stm32h7xx_hal_eth.o
HAL_ETH_Start                                     build/stm32h7xx_hal_eth.o
HAL_ETH_Start_IT                                  build/stm32h7xx_hal_eth.o
HAL_ETH_Stop                                      build/stm32h7xx_hal_eth.o
HAL_ETH_Stop_IT                                   build/stm32h7xx_hal_eth.o
HAL_ETH_Transmit                                  build/stm32h7xx_hal_eth.o
HAL_ETH_Transmit_IT                               build/stm32h7xx_hal_eth.o
HAL_ETH_TxCpltCallback                            build/stm32h7xx_hal_eth.o
HAL_ETH_WakeUpCallback                            build/stm32h7xx_hal_eth.o
HAL_ETH_WritePHYRegister                          build/stm32h7xx_hal_eth.o
HAL_EXTI_ClearConfigLine                          build/stm32h7xx_hal_exti.o
HAL_EXTI_ClearPending                             build/stm32h7xx_hal_exti.o
HAL_EXTI_D1_ClearFlag                             build/stm32h7xx_hal.o
HAL_EXTI_D1_EventInputConfig                      build/stm32h7xx_hal.o
HAL_EXTI_D3_EventInputConfig                      build/stm32h7xx_hal.o
HAL_EXTI_EdgeConfig                               build/stm32h7xx_hal.o
HAL_EXTI_GenerateSWI                              build/stm32h7xx_hal_exti.o
HAL_EXTI_GenerateSWInterrupt                      build/stm32h7xx_hal.o
HAL_EXTI_GetConfigLine                            build/stm32h7xx_hal_exti.o
HAL_EXTI_GetHandle                                build/stm32h7xx_hal_exti.o
HAL_EXTI_GetPending                               build/stm32h7xx_hal_exti.o
HAL_EXTI_IRQHandler                               build/stm32h7xx_hal_exti.o
HAL_EXTI_RegisterCallback                         build/stm32h7xx_hal_exti.o
HAL_EXTI_SetConfigLine                            build/stm32h7xx_hal_exti.o
HAL_EnableCompensationCell                        build/stm32h7xx_hal.o
HAL_EnableDomain3DBGStandbyMode                   build/stm32h7xx_hal.o
HAL_EnableDomain3DBGStopMode                      build/stm32h7xx_hal.o
HAL_FLASHEx_ComputeCRC                            build/stm32h7xx_hal_flash_ex.o
HAL_FLASHEx_Erase                                 build/stm32h7xx_hal_flash_ex.o
HAL_FLASHEx_Erase_IT                              build/stm32h7xx_hal_flash_ex.o
HAL_FLASHEx_Lock_Bank1                            build/stm32h7xx_hal_flash_ex.o
HAL_FLASHEx_Lock_Bank2                            build/stm32h7xx_hal_flash_ex.o
HAL_FLASHEx_OBGetConfig                           build/stm32h7xx_hal_flash_ex.o
HAL_FLASHEx_OBProgram                             build/stm32h7xx_hal_flash_ex.o
HAL_FLASHEx_Unlock_Bank1                          build/stm32h7xx_hal_flash_ex.o
HAL_FLASHEx_Unlock_Bank2                          build/stm32h7xx_hal_flash_ex.o
HAL_FLASH_EndOfOperationCallback                  build/stm32h7xx_hal_flash.o
HAL_FLASH_GetError                                build/stm32h7xx_hal_flash.o
HAL_FLASH_IRQHandler                              build/stm32h7xx_hal_flash.o
HAL_FLASH_Lock                                    build/stm32h7xx_hal_flash.o
HAL_FLASH_OB_Launch                               build/stm32h7xx_hal_flash.o
HAL_FLASH_OB_Lock                                 build/stm32h7xx_hal_flash.o
HAL_FLASH_OB_Unlock                               build/stm32h7xx_hal_flash.o
HAL_FLASH_OperationErrorCallback                  build/stm32h7xx_hal_flash.o
HAL_FLASH_Program                                 build/stm32h7xx_hal_flash.o
HAL_FLASH_Program_IT                              build/stm32h7xx_hal_flash.o
HAL_FLASH_Unlock                                  build/stm32h7xx_hal_flash.o
HAL_GPIO_DeInit                                   build/stm32h7xx_hal_gpio.o
                                                  build/stm32h7xx_nucleo_144.o